Component: ARM Compiler 5.06 update 6 (build 750) Tool: armlink [4d35ed]

==============================================================================

Section Cross References

    app_main.o(i.MainTask) refers to os.o(i.os_sleep) for os_sleep
    app_main.o(i.MainTask) refers to emva.o(.bss) for emva
    app_main.o(i.MainTask) refers to app_main.o(.data) for se
    app_main.o(i.MainTask) refers to app_main.o(i.sreial1_callback) for sreial1_callback
    app_main.o(i.MainTask) refers to app_main.o(i.fmtout) for fmtout
    app_main.o(i.fmtout) refers to strlen.o(.text) for strlen
    app_main.o(i.fmtout) refers to app_main.o(.data) for se
    main.o(i.main) refers to emva.o(i.emvaIniaialize) for emvaIniaialize
    main.o(i.main) refers to tasks.o(i.xTaskCreate) for xTaskCreate
    main.o(i.main) refers to tasks.o(i.vTaskStartScheduler) for vTaskStartScheduler
    main.o(i.main) refers to app_main.o(.data) for MainTask_Handler
    main.o(i.main) refers to app_main.o(i.MainTask) for MainTask
    mpool.o(i.dv_mem_pool_free) refers to mpool.o(.bss) for g_dv_membase
    mpool.o(i.dv_mem_pool_init) refers to mpool.o(.bss) for g_dvmmt
    mpool.o(i.dv_mem_pool_malloc) refers to mpool.o(.bss) for g_dvmmt
    mpool.o(i.emva_mem_pool_free) refers to mpool.o(.bss) for g_emva_membase
    mpool.o(i.emva_mem_pool_init) refers to mpool.o(.bss) for g_emvammt
    mpool.o(i.emva_mem_pool_malloc) refers to mpool.o(.bss) for g_emvammt
    bsp.o(i.BspTimeCallBack) refers to bsp.o(.data) for time_callback0
    bsp.o(i.BspTimeControl) refers to arch_stm32f411xx.o(i.Time2Ctl) for Time2Ctl
    bsp.o(i.BspTimeInitialize) refers to arch_stm32f411xx.o(i.Time2Init) for Time2Init
    bsp.o(i.BspUsartCallBack) refers to bsp.o(.bss) for usart_obj
    bsp.o(i.BspUsartCallBack) refers to bsp.o(.data) for usart_callback
    bsp.o(i.BspUsartInitialize) refers to arch_stm32f411xx.o(i.Stm32F411Usart_Initialize) for Stm32F411Usart_Initialize
    bsp.o(i.BspUsartRead) refers to bsp.o(.bss) for usart_obj
    bsp.o(i.BspUsartWrite) refers to arch_stm32f411xx.o(i.Stm32F411Usart_Write) for Stm32F411Usart_Write
    bsp.o(i.archInitialize) refers to arch_stm32f411xx.o(i.Stm32F411_mcuInit) for Stm32F411_mcuInit
    bsp.o(i.usart1_callback) refers to bsp.o(.data) for usart_callback
    bsp.o(i.usart1_callback) refers to bsp.o(.bss) for usart_obj
    bsp.o(i.usart2_callback) refers to bsp.o(.data) for usart_callback
    bsp.o(i.usart2_callback) refers to bsp.o(.bss) for usart_obj
    bsp.o(i.usart3_callback) refers to bsp.o(.data) for usart_callback
    bsp.o(i.usart3_callback) refers to bsp.o(.bss) for usart_obj
    bsp.o(.data) refers to bsp.o(i.BspTimeInitialize) for BspTimeInitialize
    bsp.o(.data) refers to bsp.o(i.BspTimeControl) for BspTimeControl
    bsp.o(.data) refers to bsp.o(i.BspTimeCallBack) for BspTimeCallBack
    bsp.o(.data) refers to bsp.o(i.BspUsartInitialize) for BspUsartInitialize
    bsp.o(.data) refers to bsp.o(i.BspUsartWrite) for BspUsartWrite
    bsp.o(.data) refers to bsp.o(i.BspUsartRead) for BspUsartRead
    bsp.o(.data) refers to bsp.o(i.BspUsartCallBack) for BspUsartCallBack
    bsp.o(.data) refers to bsp.o(i.UsbHidInit) for UsbHidInit
    bsp.o(.data) refers to bsp.o(i.UsbHidWrite) for UsbHidWrite
    bsp.o(.data) refers to bsp.o(i.UsbHidCallBack) for UsbHidCallBack
    bsp.o(.data) refers to bsp.o(i.archInitialize) for archInitialize
    arch_stm32f411xx.o(i.ADP_NVIC_Configuration) refers to misc.o(i.NVIC_PriorityGroupConfig) for NVIC_PriorityGroupConfig
    arch_stm32f411xx.o(i.ADP_NVIC_Configuration) refers to misc.o(i.NVIC_Init) for NVIC_Init
    arch_stm32f411xx.o(i.HardFault_Handler) refers to arch_stm32f411xx.o(i.NVIC_SystemReset) for NVIC_SystemReset
    arch_stm32f411xx.o(i.Stm32F411Usart_Initialize) refers to stm32f4xx_rcc.o(i.RCC_APB2PeriphClockCmd) for RCC_APB2PeriphClockCmd
    arch_stm32f411xx.o(i.Stm32F411Usart_Initialize) refers to stm32f4xx_rcc.o(i.RCC_AHB1PeriphClockCmd) for RCC_AHB1PeriphClockCmd
    arch_stm32f411xx.o(i.Stm32F411Usart_Initialize) refers to stm32f4xx_gpio.o(i.GPIO_PinAFConfig) for GPIO_PinAFConfig
    arch_stm32f411xx.o(i.Stm32F411Usart_Initialize) refers to stm32f4xx_gpio.o(i.GPIO_Init) for GPIO_Init
    arch_stm32f411xx.o(i.Stm32F411Usart_Initialize) refers to stm32f4xx_rcc.o(i.RCC_APB1PeriphClockCmd) for RCC_APB1PeriphClockCmd
    arch_stm32f411xx.o(i.Stm32F411Usart_Initialize) refers to stm32f4xx_usart.o(i.USART_Init) for USART_Init
    arch_stm32f411xx.o(i.Stm32F411Usart_Initialize) refers to stm32f4xx_usart.o(i.USART_ITConfig) for USART_ITConfig
    arch_stm32f411xx.o(i.Stm32F411Usart_Initialize) refers to stm32f4xx_usart.o(i.USART_Cmd) for USART_Cmd
    arch_stm32f411xx.o(i.Stm32F411Usart_Write) refers to stm32f4xx_usart.o(i.USART_GetFlagStatus) for USART_GetFlagStatus
    arch_stm32f411xx.o(i.Stm32F411Usart_Write) refers to stm32f4xx_usart.o(i.USART_SendData) for USART_SendData
[...]
    _printf_str                              0x00000000   Number         0  stubs.o ABSOLUTE
    _printf_truncate_signed                  0x00000000   Number         0  stubs.o ABSOLUTE
    _printf_truncate_unsigned                0x00000000   Number         0  stubs.o ABSOLUTE
    _printf_u                                0x00000000   Number         0  stubs.o ABSOLUTE
    _printf_wc                               0x00000000   Number         0  stubs.o ABSOLUTE
    _printf_wctomb                           0x00000000   Number         0  stubs.o ABSOLUTE
    _printf_widthprec                        0x00000000   Number         0  stubs.o ABSOLUTE
    _printf_x                                0x00000000   Number         0  stubs.o ABSOLUTE
    INIT_LIST$$Base                           - Undefined Reference
    INIT_LIST$$Limit                          - Undefined Reference
    __cpp_initialize__aeabi_                  - Undefined Weak Reference
    __cxa_finalize                            - Undefined Weak Reference
    _clock_init                               - Undefined Weak Reference
    _microlib_exit                            - Undefined Weak Reference
    __Vectors_Size                           0x00000198   Number         0  startup_stm32f411xe.o ABSOLUTE
    __Vectors                                0x08000000   Data           4  startup_stm32f411xe.o(RESET)
    __Vectors_End                            0x08000198   Data           0  startup_stm32f411xe.o(RESET)
    __main                                   0x08000199   Thumb Code     0  entry.o(.ARM.Collect$$$$00000000)
    _main_stk                                0x08000199   Thumb Code     0  entry2.o(.ARM.Collect$$$$00000001)
    _main_scatterload                        0x0800019d   Thumb Code     0  entry5.o(.ARM.Collect$$$$00000004)
    __main_after_scatterload                 0x080001a1   Thumb Code     0  entry5.o(.ARM.Collect$$$$00000004)
    _main_clock                              0x080001a1   Thumb Code     0  entry7b.o(.ARM.Collect$$$$00000008)
    _main_cpp_init                           0x080001a1   Thumb Code     0  entry8b.o(.ARM.Collect$$$$0000000A)
    _main_init                               0x080001a1   Thumb Code     0  entry9a.o(.ARM.Collect$$$$0000000B)
    __rt_final_cpp                           0x080001a9   Thumb Code     0  entry10a.o(.ARM.Collect$$$$0000000D)
    __rt_final_exit                          0x080001a9   Thumb Code     0  entry11a.o(.ARM.Collect$$$$0000000F)
    SVC_Handler                              0x080001ad   Thumb Code    28  port.o(.emb_text)
    __asm___6_port_c_39a90d8d__prvStartFirstTask 0x080001cd   Thumb Code    28  port.o(.emb_text)
    __asm___6_port_c_39a90d8d__prvEnableVFP  0x080001ed   Thumb Code    16  port.o(.emb_text)
    PendSV_Handler                           0x08000201   Thumb Code    88  port.o(.emb_text)
    vPortGetIPSR                             0x0800025d   Thumb Code     6  port.o(.emb_text)
    Reset_Handler                            0x08000265   Thumb Code     8  startup_stm32f411xe.o(.text)
    NMI_Handler                              0x0800026d   Thumb Code     2  startup_stm32f411xe.o(.text)
    BusFault_Handler                         0x08000273   Thumb Code     2  startup_stm32f411xe.o(.text)
    UsageFault_Handler                       0x08000275   Thumb Code     2  startup_stm32f411xe.o(.text)
    DebugMon_Handler                         0x08000279   Thumb Code     2  startup_stm32f411xe.o(.text)
    ADC_IRQHandler                           0x0800027f   Thumb Code     0  startup_stm32f411xe.o(.text)
    DMA1_Stream0_IRQHandler                  0x0800027f   Thumb Code     0  startup_stm32f411xe.o(.text)
    DMA1_Stream1_IRQHandler                  0x0800027f   Thumb Code     0  startup_stm32f411xe.o(.text)
    DMA1_Stream2_IRQHandler                  0x0800027f   Thumb Code     0  startup_stm32f411xe.o(.text)
    DMA1_Stream3_IRQHandler                  0x0800027f   Thumb Code     0  startup_stm32f411xe.o(.text)
    DMA1_Stream4_IRQHandler                  0x0800027f   Thumb Code     0  startup_stm32f411xe.o(.text)
    DMA1_Stream5_IRQHandler                  0x0800027f   Thumb Code     0  startup_stm32f411xe.o(.text)
    DMA1_Stream6_IRQHandler                  0x0800027f   Thumb Code     0  startup_stm32f411xe.o(.text)
    DMA1_Stream7_IRQHandler                  0x0800027f   Thumb Code     0  startup_stm32f411xe.o(.text)
    DMA2_Stream0_IRQHandler                  0x0800027f   Thumb Code     0  startup_stm32f411xe.o(.text)
    DMA2_Stream1_IRQHandler                  0x0800027f   Thumb Code     0  startup_stm32f411xe.o(.text)
    DMA2_Stream2_IRQHandler                  0x0800027f   Thumb Code     0  startup_stm32f411xe.o(.text)
    DMA2_Stream3_IRQHandler                  0x0800027f   Thumb Code     0  startup_stm32f411xe.o(.text)
    DMA2_Stream4_IRQHandler                  0x0800027f   Thumb Code     0  startup_stm32f411xe.o(.text)
    DMA2_Stream5_IRQHandler                  0x0800027f   Thumb Code     0  startup_stm32f411xe.o(.text)
    DMA2_Stream6_IRQHandler                  0x0800027f   Thumb Code     0  startup_stm32f411xe.o(.text)
    DMA2_Stream7_IRQHandler                  0x0800027f   Thumb Code     0  startup_stm32f411xe.o(.text)
    EXTI0_IRQHandler                         0x0800027f   Thumb Code     0  startup_stm32f411xe.o(.text)
    EXTI15_10_IRQHandler                     0x0800027f   Thumb Code     0  startup_stm32f411xe.o(.text)
    EXTI1_IRQHandler                         0x0800027f   Thumb Code     0  startup_stm32f411xe.o(.text)
    EXTI2_IRQHandler                         0x0800027f   Thumb Code     0  startup_stm32f411xe.o(.text)
    EXTI3_IRQHandler                         0x0800027f   Thumb Code     0  startup_stm32f411xe.o(.text)
    EXTI4_IRQHandler                         0x0800027f   Thumb Code     0  startup_stm32f411xe.o(.text)
    EXTI9_5_IRQHandler                       0x0800027f   Thumb Code     0  startup_stm32f411xe.o(.text)
    FLASH_IRQHandler                         0x0800027f   Thumb Code     0  startup_stm32f411xe.o(.text)
    FPU_IRQHandler                           0x0800027f   Thumb Code     0  startup_stm32f411xe.o(.text)
    I2C1_ER_IRQHandler                       0x0800027f   Thumb Code     0  startup_stm32f411xe.o(.text)
    I2C1_EV_IRQHandler                       0x0800027f   Thumb Code     0  startup_stm32f411xe.o(.text)
    I2C2_ER_IRQHandler                       0x0800027f   Thumb Code     0  startup_stm32f411xe.o(.text)
    I2C2_EV_IRQHandler                       0x0800027f   Thumb Code     0  startup_stm32f411xe.o(.text)
    I2C3_ER_IRQHandler                       0x0800027f   Thumb Code     0  startup_stm32f411xe.o(.text)
    I2C3_EV_IRQHandler                       0x0800027f   Thumb Code     0  startup_stm32f411xe.o(.text)
    OTG_FS_IRQHandler                        0x0800027f   Thumb Code     0  startup_stm32f411xe.o(.text)
    OTG_FS_WKUP_IRQHandler                   0x0800027f   Thumb Code     0  startup_stm32f411xe.o(.text)
    PVD_IRQHandler                           0x0800027f   Thumb Code     0  startup_stm32f411xe.o(.text)
    RCC_IRQHandler                           0x0800027f   Thumb Code     0  startup_stm32f411xe.o(.text)
    RTC_Alarm_IRQHandler                     0x0800027f   Thumb Code     0  startup_stm32f411xe.o(.text)
    RTC_WKUP_IRQHandler                      0x0800027f   Thumb Code     0  startup_stm32f411xe.o(.text)
    SDIO_IRQHandler                          0x0800027f   Thumb Code     0  startup_stm32f411xe.o(.text)
    SPI1_IRQHandler                          0x0800027f   Thumb Code     0  startup_stm32f411xe.o(.text)
    SPI2_IRQHandler                          0x0800027f   Thumb Code     0  startup_stm32f411xe.o(.text)
    SPI3_IRQHandler                          0x0800027f   Thumb Code     0  startup_stm32f411xe.o(.text)
    SPI4_IRQHandler                          0x0800027f   Thumb Code     0  startup_stm32f411xe.o(.text)
    SPI5_IRQHandler                          0x0800027f   Thumb Code     0  startup_stm32f411xe.o(.text)
    TAMP_STAMP_IRQHandler                    0x0800027f   Thumb Code     0  startup_stm32f411xe.o(.text)
    TIM1_BRK_TIM9_IRQHandler                 0x0800027f   Thumb Code     0  startup_stm32f411xe.o(.text)
    TIM1_CC_IRQHandler                       0x0800027f   Thumb Code     0  startup_stm32f411xe.o(.text)
    TIM1_TRG_COM_TIM11_IRQHandler            0x0800027f   Thumb Code     0  startup_stm32f411xe.o(.text)
    TIM1_UP_TIM10_IRQHandler                 0x0800027f   Thumb Code     0  startup_stm32f411xe.o(.text)
    TIM3_IRQHandler                          0x0800027f   Thumb Code     0  startup_stm32f411xe.o(.text)
    TIM4_IRQHandler                          0x0800027f   Thumb Code     0  startup_stm32f411xe.o(.text)
    TIM5_IRQHandler                          0x0800027f   Thumb Code     0  startup_stm32f411xe.o(.text)
    USART6_IRQHandler                        0x0800027f   Thumb Code     0  startup_stm32f411xe.o(.text)
    WWDG_IRQHandler                          0x0800027f   Thumb Code     0  startup_stm32f411xe.o(.text)
    __aeabi_memcpy                           0x08000289   Thumb Code    36  memcpya.o(.text)
    __aeabi_memcpy4                          0x08000289   Thumb Code     0  memcpya.o(.text)
    __aeabi_memcpy8                          0x08000289   Thumb Code     0  memcpya.o(.text)
    __aeabi_memset                           0x080002ad   Thumb Code    14  memseta.o(.text)
    __aeabi_memset4                          0x080002ad   Thumb Code     0  memseta.o(.text)
    __aeabi_memset8                          0x080002ad   Thumb Code     0  memseta.o(.text)
    __aeabi_memclr                           0x080002bb   Thumb Code     4  memseta.o(.text)
    __aeabi_memclr4                          0x080002bb   Thumb Code     0  memseta.o(.text)
    __aeabi_memclr8                          0x080002bb   Thumb Code     0  memseta.o(.text)
    _memset$wrapper                          0x080002bf   Thumb Code    18  memseta.o(.text)
    strlen                                   0x080002d1   Thumb Code    14  strlen.o(.text)
    strcmp                                   0x080002df   Thumb Code    28  strcmp.o(.text)
    __aeabi_uidiv                            0x080002fb   Thumb Code     0  uidiv.o(.text)
    __aeabi_uidivmod                         0x080002fb   Thumb Code    44  uidiv.o(.text)
    __aeabi_uldivmod                         0x08000327   Thumb Code    98  uldiv.o(.text)
    __I$use$fp                               0x08000389   Thumb Code     0  iusefp.o(.text)
    __aeabi_dadd                             0x08000389   Thumb Code   322  dadd.o(.text)
    __aeabi_dsub                             0x080004cb   Thumb Code     6  dadd.o(.text)
    __aeabi_drsub                            0x080004d1   Thumb Code     6  dadd.o(.text)
    __aeabi_dmul                             0x080004d7   Thumb Code   228  dmul.o(.text)
    __aeabi_ddiv                             0x080005bb   Thumb Code   222  ddiv.o(.text)
    __aeabi_d2ulz                            0x08000699   Thumb Code    48  dfixul.o(.text)
    __aeabi_cdrcmple                         0x080006c9   Thumb Code    48  cdrcmple.o(.text)
    __scatterload                            0x080006f9   Thumb Code    28  init.o(.text)
    __scatterload_rt2                        0x080006f9   Thumb Code     0  init.o(.text)
    __aeabi_llsl                             0x0800071d   Thumb Code    30  llshl.o(.text)
    __semihosting_library_function           0x0800071d   Thumb Code     0  semi.o(.text)
    _ll_shift_l                              0x0800071d   Thumb Code     0  llshl.o(.text)
    __aeabi_llsr                             0x0800073b   Thumb Code    32  llushr.o(.text)
    _ll_ushift_r                             0x0800073b   Thumb Code     0  llushr.o(.text)
    __aeabi_lasr                             0x0800075b   Thumb Code    36  llsshr.o(.text)
    _ll_sshift_r                             0x0800075b   Thumb Code     0  llsshr.o(.text)
    __I$use$semihosting$fputc                0x0800077f   Thumb Code     0  iusesemip.o(.text)
    _double_round                            0x0800077f   Thumb Code    30  depilogue.o(.text)
    _double_epilogue                         0x0800079d   Thumb Code   156  depilogue.o(.text)
    __decompress                             0x08000839   Thumb Code     0  __dczerorl2.o(.text)
    __decompress1                            0x08000839   Thumb Code    86  __dczerorl2.o(.text)
    ADP_GPIO_Configuration                   0x0800088f   Thumb Code     2  arch_stm32f411xx.o(i.ADP_GPIO_Configuration)
    ADP_NVIC_Configuration                   0x08000891   Thumb Code   102  arch_stm32f411xx.o(i.ADP_NVIC_Configuration)
    AggregateNew                             0x080008f9   Thumb Code    32  iterator.o(i.AggregateNew)
    CMapAdd                                  0x080009d9   Thumb Code    20  dv_map.o(i.CMapAdd)
    CMapGet                                  0x080009ed   Thumb Code    42  dv_map.o(i.CMapGet)
    CMapNew                                  0x08000a19   Thumb Code    28  dv_map.o(i.CMapNew)
    DvLink_List_GetAt                        0x08000bfd   Thumb Code    42  dv_list.o(i.DvLink_List_GetAt)
    DvLink_List_Init                         0x08000c27   Thumb Code    30  dv_list.o(i.DvLink_List_Init)
    DvLink_List_Insert                       0x08000c45   Thumb Code   256  dv_list.o(i.DvLink_List_Insert)
    DvLink_List_object_SearchAt              0x08000d45   Thumb Code    52  dv_list.o(i.DvLink_List_object_SearchAt)
    DvModuleInitialize                       0x08000d79   Thumb Code    36  dev_init.o(i.DvModuleInitialize)
    EmvaApiInit                              0x08000dad   Thumb Code    82  emva.o(i.EmvaApiInit)
    EmvaButtonInitialize                     0x08000e31   Thumb Code    58  emva_button.o(i.EmvaButtonInitialize)
    EmvaPmicInitialize                       0x08000e89   Thumb Code    40  emva_pmic.o(i.EmvaPmicInitialize)
    EmvaSerialInitialize                     0x08000ec1   Thumb Code    40  emva_serial.o(i.EmvaSerialInitialize)
    EmvaTimeInitialize                       0x08000efd   Thumb Code    40  emva_time.o(i.EmvaTimeInitialize)
    EmvaUsbHidInitialize                     0x08000f35   Thumb Code    28  emva_usb_hid.o(i.EmvaUsbHidInitialize)
    EmvaWifiInitialize                       0x08000f61   Thumb Code    56  emva_wifi.o(i.EmvaWifiInitialize)
    EmvaWifiNew                              0x08000fbd   Thumb Code   152  emva_wifi.o(i.EmvaWifiNew)
    GPIO_Init                                0x08001105   Thumb Code   144  stm32f4xx_gpio.o(i.GPIO_Init)
    GPIO_PinAFConfig                         0x08001195   Thumb Code    70  stm32f4xx_gpio.o(i.GPIO_PinAFConfig)
    HardFault_Handler                        0x080011db   Thumb Code     4  arch_stm32f411xx.o(i.HardFault_Handler)
    InstaceTimeStart                         0x080011e1   Thumb Code    90  emva_time.o(i.InstaceTimeStart)
    InstaceTimeStop                          0x08001245   Thumb Code    92  emva_time.o(i.InstaceTimeStop)
    Link_List_Clear                          0x0800138f   Thumb Code    42  emva_list.o(i.Link_List_Clear)
    Link_List_GetAt                          0x080013b9   Thumb Code    42  emva_list.o(i.Link_List_GetAt)
    Link_List_Init                           0x080013e3   Thumb Code    30  emva_list.o(i.Link_List_Init)
    Link_List_Insert                         0x08001401   Thumb Code   256  emva_list.o(i.Link_List_Insert)
    Link_List_object_RemoveAt                0x08001501   Thumb Code   128  emva_list.o(i.Link_List_object_RemoveAt)
    MainTask                                 0x08001581   Thumb Code   168  app_main.o(i.MainTask)
    MemManage_Handler                        0x0800166d   Thumb Code    16  arch_stm32f411xx.o(i.MemManage_Handler)
    NVIC_Init                                0x08001681   Thumb Code   106  misc.o(i.NVIC_Init)
    NVIC_PriorityGroupConfig                 0x080016f9   Thumb Code    10  misc.o(i.NVIC_PriorityGroupConfig)
    ProtocolFormatNew                        0x080017fd   Thumb Code   140  emva_serialization.o(i.ProtocolFormatNew)
    Protocol_Analysis                        0x080018b5   Thumb Code   224  emva_serialization.o(i.Protocol_Analysis)
    RCC_AHB1PeriphClockCmd                   0x08001995   Thumb Code    26  stm32f4xx_rcc.o(i.RCC_AHB1PeriphClockCmd)
    RCC_APB1PeriphClockCmd                   0x080019b5   Thumb Code    26  stm32f4xx_rcc.o(i.RCC_APB1PeriphClockCmd)
    RCC_APB1PeriphResetCmd                   0x080019d5   Thumb Code    26  stm32f4xx_rcc.o(i.RCC_APB1PeriphResetCmd)
    RCC_APB2PeriphClockCmd                   0x080019f5   Thumb Code    26  stm32f4xx_rcc.o(i.RCC_APB2PeriphClockCmd)
    RCC_APB2PeriphResetCmd                   0x08001a15   Thumb Code    26  stm32f4xx_rcc.o(i.RCC_APB2PeriphResetCmd)
    RCC_GetClocksFreq                        0x08001a35   Thumb Code   214  stm32f4xx_rcc.o(i.RCC_GetClocksFreq)
    Stm32F411Usart_Initialize                0x08001c05   Thumb Code   376  arch_stm32f411xx.o(i.Stm32F411Usart_Initialize)
    Stm32F411Usart_Write                     0x08001d8d   Thumb Code    96  arch_stm32f411xx.o(i.Stm32F411Usart_Write)
    Stm32F411_mcuInit                        0x08001df9   Thumb Code    42  arch_stm32f411xx.o(i.Stm32F411_mcuInit)
    SysTick_CLKSourceConfig                  0x08001e23   Thumb Code    40  misc.o(i.SysTick_CLKSourceConfig)
    SysTick_Handler                          0x08001e4b   Thumb Code    16  arch_stm32f411xx.o(i.SysTick_Handler)
    SystemInit                               0x08001e5d   Thumb Code    88  system_stm32f4xx.o(i.SystemInit)
    TIM2_IRQHandler                          0x08001ec5   Thumb Code    26  arch_stm32f411xx.o(i.TIM2_IRQHandler)
    TIM_ARRPreloadConfig                     0x08001edf   Thumb Code    24  stm32f4xx_tim.o(i.TIM_ARRPreloadConfig)
    TIM_ClearFlag                            0x08001ef7   Thumb Code     6  stm32f4xx_tim.o(i.TIM_ClearFlag)
    TIM_ClearITPendingBit                    0x08001efd   Thumb Code     6  stm32f4xx_tim.o(i.TIM_ClearITPendingBit)
    TIM_Cmd                                  0x08001f03   Thumb Code    24  stm32f4xx_tim.o(i.TIM_Cmd)
    TIM_DeInit                               0x08001f1d   Thumb Code   346  stm32f4xx_tim.o(i.TIM_DeInit)
    TIM_GetITStatus                          0x080020ad   Thumb Code    34  stm32f4xx_tim.o(i.TIM_GetITStatus)
    TIM_ITConfig                             0x080020cf   Thumb Code    18  stm32f4xx_tim.o(i.TIM_ITConfig)
    TIM_InternalClockConfig                  0x080020e1   Thumb Code    12  stm32f4xx_tim.o(i.TIM_InternalClockConfig)
    TIM_TimeBaseInit                         0x080020ed   Thumb Code   104  stm32f4xx_tim.o(i.TIM_TimeBaseInit)
    Time2Ctl                                 0x080023db   Thumb Code    32  arch_stm32f411xx.o(i.Time2Ctl)
    Time2Init                                0x080023fb   Thumb Code    86  arch_stm32f411xx.o(i.Time2Init)
    USART1_IRQHandler                        0x08002451   Thumb Code   122  arch_stm32f411xx.o(i.USART1_IRQHandler)
    USART2_IRQHandler                        0x080024d1   Thumb Code   122  arch_stm32f411xx.o(i.USART2_IRQHandler)
    USART_ClearFlag                          0x08002551   Thumb Code    18  stm32f4xx_usart.o(i.USART_ClearFlag)
    USART_ClearITPendingBit                  0x08002563   Thumb Code    30  stm32f4xx_usart.o(i.USART_ClearITPendingBit)
    USART_Cmd                                0x08002581   Thumb Code    24  stm32f4xx_usart.o(i.USART_Cmd)
    USART_GetFlagStatus                      0x08002599   Thumb Code    26  stm32f4xx_usart.o(i.USART_GetFlagStatus)
    USART_GetITStatus                        0x080025b3   Thumb Code    84  stm32f4xx_usart.o(i.USART_GetITStatus)
    USART_ITConfig                           0x08002607   Thumb Code    74  stm32f4xx_usart.o(i.USART_ITConfig)
    USART_Init                               0x08002651   Thumb Code   204  stm32f4xx_usart.o(i.USART_Init)
    USART_ReceiveData                        0x08002725   Thumb Code    10  stm32f4xx_usart.o(i.USART_ReceiveData)
    USART_SendData                           0x0800272f   Thumb Code     8  stm32f4xx_usart.o(i.USART_SendData)
    __0printf                                0x08002761   Thumb Code    22  printfa.o(i.__0printf)
    __1printf                                0x08002761   Thumb Code     0  printfa.o(i.__0printf)
    __2printf                                0x08002761   Thumb Code     0  printfa.o(i.__0printf)
    __c89printf                              0x08002761   Thumb Code     0  printfa.o(i.__0printf)
    printf                                   0x08002761   Thumb Code     0  printfa.o(i.__0printf)
    __0vsnprintf                             0x08002781   Thumb Code    40  printfa.o(i.__0vsnprintf)
    __1vsnprintf                             0x08002781   Thumb Code     0  printfa.o(i.__0vsnprintf)
    __2vsnprintf                             0x08002781   Thumb Code     0  printfa.o(i.__0vsnprintf)
    __c89vsnprintf                           0x08002781   Thumb Code     0  printfa.o(i.__0vsnprintf)
    vsnprintf                                0x08002781   Thumb Code     0  printfa.o(i.__0vsnprintf)
    __scatterload_copy                       0x080027ad   Thumb Code    14  handlers.o(i.__scatterload_copy)
    __scatterload_null                       0x080027bb   Thumb Code     2  handlers.o(i.__scatterload_null)
    __scatterload_zeroinit                   0x080027bd   Thumb Code    14  handlers.o(i.__scatterload_zeroinit)
    character_dev_device_registered          0x080031c5   Thumb Code   208  dv_character_device.o(i.character_dev_device_registered)
    character_dev_event                      0x080032d9   Thumb Code    50  dv_character_device.o(i.character_dev_event)
    character_dev_ioctl                      0x08003311   Thumb Code    58  dv_character_device.o(i.character_dev_ioctl)
    character_dev_open                       0x08003351   Thumb Code    66  dv_character_device.o(i.character_dev_open)
    character_dev_read                       0x08003399   Thumb Code    58  dv_character_device.o(i.character_dev_read)
    character_dev_write                      0x080033d9   Thumb Code    58  dv_character_device.o(i.character_dev_write)
    delay_init                               0x08003445   Thumb Code    58  arch_stm32f411xx.o(i.delay_init)
    dvTimeVirtualInit                        0x08003489   Thumb Code    30  dv_virtual_time.o(i.dvTimeVirtualInit)
    dvTimeVirtualRun                         0x080034b1   Thumb Code    78  dv_virtual_time.o(i.dvTimeVirtualRun)
    dv_button_init                           0x08003509   Thumb Code    10  dv_button.o(i.dv_button_init)
    dv_error_new                             0x08003519   Thumb Code    30  dv_error.o(i.dv_error_new)
    dv_free                                  0x0800353d   Thumb Code    12  dv_serial.o(i.dv_free)
    dv_kfifo_get                             0x08003549   Thumb Code    86  dv_kfifo.o(i.dv_kfifo_get)
    dv_kfifo_init                            0x0800359f   Thumb Code    12  dv_kfifo.o(i.dv_kfifo_init)
    dv_kfifo_put                             0x080035ab   Thumb Code    90  dv_kfifo.o(i.dv_kfifo_put)
    dv_malloc                                0x08003605   Thumb Code    12  dv_serial.o(i.dv_malloc)
    dv_mem_pool_free                         0x08003611   Thumb Code    40  mpool.o(i.dv_mem_pool_free)
    dv_mem_pool_malloc                       0x08003641   Thumb Code    92  mpool.o(i.dv_mem_pool_malloc)
    dv_serial_init                           0x080036a5   Thumb Code    10  dv_serial.o(i.dv_serial_init)
    dv_time_init                             0x080036b5   Thumb Code    10  dv_time.o(i.dv_time_init)
    dv_usb_hid_init                          0x080036c5   Thumb Code    10  dv_usb_hid.o(i.dv_usb_hid_init)
    emvaIniaialize                           0x080036d5   Thumb Code    48  emva.o(i.emvaIniaialize)
    emva_free                                0x08003709   Thumb Code    12  app_main.o(i.emva_free)
    emva_malloc                              0x08003715   Thumb Code    12  app_main.o(i.emva_malloc)
    emva_mem_pool_free                       0x08003721   Thumb Code    40  mpool.o(i.emva_mem_pool_free)
    emva_mem_pool_malloc                     0x08003751   Thumb Code    90  mpool.o(i.emva_mem_pool_malloc)
    emva_sleep                               0x080037b5   Thumb Code    12  app_main.o(i.emva_sleep)
    fmtout                                   0x08003815   Thumb Code    30  app_main.o(i.fmtout)
    fputc                                    0x08003839   Thumb Code    18  fputc.o(i.fputc)
    interface_delay_ms                       0x0800384d   Thumb Code    60  arch_stm32f411xx.o(i.interface_delay_ms)
    interface_delay_us                       0x0800388d   Thumb Code    68  arch_stm32f411xx.o(i.interface_delay_us)
    isEqual                                  0x080038d5   Thumb Code    32  util.o(i.isEqual)
    kernel_driver_init                       0x080038f5   Thumb Code    24  emva.o(i.kernel_driver_init)
    main                                     0x0800390d   Thumb Code    34  main.o(i.main)
    net_dev_do_ioctl                         0x08003951   Thumb Code    58  dv_net_device.o(i.net_dev_do_ioctl)
    net_dev_event                            0x08003991   Thumb Code    50  dv_net_device.o(i.net_dev_event)
    net_dev_start_xmit                       0x080039c9   Thumb Code    58  dv_net_device.o(i.net_dev_start_xmit)
    newButton                                0x08003a09   Thumb Code    50  emva_button.o(i.newButton)
    newPmic                                  0x08003a4d   Thumb Code    50  emva_pmic.o(i.newPmic)
    newSerial                                0x08003a9d   Thumb Code    56  emva_serial.o(i.newSerial)
    obServerNew                              0x08003af1   Thumb Code    58  emva_observer.o(i.obServerNew)
    os_sleep                                 0x08003b2b   Thumb Code    12  os.o(i.os_sleep)
    pvPortMalloc                             0x0800468d   Thumb Code   262  heap_4.o(i.pvPortMalloc)
    pvTaskIncrementMutexHeldCount            0x080047e1   Thumb Code    26  tasks.o(i.pvTaskIncrementMutexHeldCount)
    pxPortInitialiseStack                    0x08004801   Thumb Code    38  port.o(i.pxPortInitialiseStack)
    sreial1_callback                         0x08004a89   Thumb Code     2  app_main.o(i.sreial1_callback)
    subjectNew                               0x08004a8d   Thumb Code    68  emva_observer.o(i.subjectNew)
    thisPublishTopic                         0x08004bed   Thumb Code    86  emva_observer.o(i.thisPublishTopic)
    thisSubscribeTopic                       0x08004c81   Thumb Code   130  emva_observer.o(i.thisSubscribeTopic)
    time2_callback                           0x08004f51   Thumb Code    28  bsp.o(i.time2_callback)
    time_dev_event_callback                  0x08004fa1   Thumb Code    14  emva_time.o(i.time_dev_event_callback)
    timerNew                                 0x08005021   Thumb Code   108  emva_time.o(i.timerNew)
    usart1_callback                          0x080050a5   Thumb Code    24  bsp.o(i.usart1_callback)
    usart2_callback                          0x080050c5   Thumb Code    24  bsp.o(i.usart2_callback)
    uxListRemove                             0x080051cd   Thumb Code    40  list.o(i.uxListRemove)
    vListInitialise                          0x080051f5   Thumb Code    26  list.o(i.vListInitialise)
    vListInitialiseItem                      0x0800520f   Thumb Code     6  list.o(i.vListInitialiseItem)
    vListInsert                              0x08005215   Thumb Code    52  list.o(i.vListInsert)
    vListInsertEnd                           0x08005249   Thumb Code    24  list.o(i.vListInsertEnd)
    vPortEnterCritical                       0x08005261   Thumb Code    68  port.o(i.vPortEnterCritical)
    vPortExitCritical                        0x080052e9   Thumb Code    48  port.o(i.vPortExitCritical)
    vPortFree                                0x08005359   Thumb Code   120  heap_4.o(i.vPortFree)
    vPortSetupTimerInterrupt                 0x08005411   Thumb Code    14  port.o(i.vPortSetupTimerInterrupt)
    vPortValidateInterruptPriority           0x08005425   Thumb Code    86  port.o(i.vPortValidateInterruptPriority)
    vQueueAddToRegistry                      0x080054c5   Thumb Code    38  queue.o(i.vQueueAddToRegistry)
    vQueueWaitForMessageRestricted           0x080054f1   Thumb Code    74  queue.o(i.vQueueWaitForMessageRestricted)
    vTaskDelay                               0x0800553d   Thumb Code    72  tasks.o(i.vTaskDelay)
    vTaskMissedYield                         0x080055b1   Thumb Code     8  tasks.o(i.vTaskMissedYield)
    vTaskPlaceOnEventList                    0x080055bd   Thumb Code    42  tasks.o(i.vTaskPlaceOnEventList)
    vTaskPlaceOnEventListRestricted          0x08005611   Thumb Code    50  tasks.o(i.vTaskPlaceOnEventListRestricted)
    vTaskPriorityInherit                     0x0800566d   Thumb Code   164  tasks.o(i.vTaskPriorityInherit)
    vTaskSetTimeOutState                     0x0800571d   Thumb Code    32  tasks.o(i.vTaskSetTimeOutState)
    vTaskStartScheduler                      0x08005769   Thumb Code   108  tasks.o(i.vTaskStartScheduler)
    vTaskSuspendAll                          0x08005815   Thumb Code    12  tasks.o(i.vTaskSuspendAll)
    vTaskSwitchContext                       0x08005825   Thumb Code   110  tasks.o(i.vTaskSwitchContext)
    virtualTimerRun                          0x08005919   Thumb Code   152  emva_time.o(i.virtualTimerRun)
    xPortStartScheduler                      0x080059b5   Thumb Code   258  port.o(i.xPortStartScheduler)
    xPortSysTickHandler                      0x08005b11   Thumb Code    46  port.o(i.xPortSysTickHandler)
    xQueueGenericCreate                      0x08005b45   Thumb Code    78  queue.o(i.xQueueGenericCreate)
    xQueueGenericReceive                     0x08005bb9   Thumb Code   416  queue.o(i.xQueueGenericReceive)
    xQueueGenericReset                       0x08005d81   Thumb Code   136  queue.o(i.xQueueGenericReset)
    xQueueGenericSend                        0x08005e31   Thumb Code   412  queue.o(i.xQueueGenericSend)
    xQueueGenericSendFromISR                 0x08005ff5   Thumb Code   234  queue.o(i.xQueueGenericSendFromISR)
    xTaskCheckForTimeOut                     0x08006105   Thumb Code   116  tasks.o(i.xTaskCheckForTimeOut)
    xTaskCreate                              0x080061a5   Thumb Code    96  tasks.o(i.xTaskCreate)
    xTaskGetSchedulerState                   0x08006205   Thumb Code    24  tasks.o(i.xTaskGetSchedulerState)
    xTaskGetTickCount                        0x08006225   Thumb Code     6  tasks.o(i.xTaskGetTickCount)
    xTaskIncrementTick                       0x08006231   Thumb Code   272  tasks.o(i.xTaskIncrementTick)
    xTaskPriorityDisinherit                  0x08006391   Thumb Code   168  tasks.o(i.xTaskPriorityDisinherit)
    xTaskRemoveFromEventList                 0x08006469   Thumb Code   118  tasks.o(i.xTaskRemoveFromEventList)
    xTaskResumeAll                           0x0800651d   Thumb Code   214  tasks.o(i.xTaskResumeAll)
    xTimerCreateTimerTask                    0x0800663d   Thumb Code    56  timers.o(i.xTimerCreateTimerTask)
    xTimerGenericCommand                     0x080066b1   Thumb Code   118  timers.o(i.xTimerGenericCommand)
    Region$$Table$$Base                      0x080067d0   Number         0  anon$$obj.o(Region$$Table)
    Region$$Table$$Limit                     0x080067f0   Number         0  anon$$obj.o(Region$$Table)
    MainTask_Handler                         0x20000000   Data           4  app_main.o(.data)
    se                                       0x20000004   Data           4  app_main.o(.data)
    time_callback0                           0x20000008   Data           4  bsp.o(.data)
    time_callback1                           0x2000000c   Data           4  bsp.o(.data)
    bsp_time                                 0x20000010   Data          12  bsp.o(.data)
    usart_callback                           0x2000001c   Data           4  bsp.o(.data)
    bsp_usart                                0x20000020   Data          16  bsp.o(.data)
    bsp_usb_hid                              0x20000030   Data          12  bsp.o(.data)
    bsp_arch                                 0x2000003c   Data           4  bsp.o(.data)
    pxCurrentTCB                             0x20000058   Data           4  tasks.o(.data)
    EmvaButtonClass                          0x200000d8   Data           4  emva_button.o(.data)
    g_event_callback                         0x200000e4   Data           4  emva_serial.o(.data)
    g_data_callback                          0x200000e8   Data           4  emva_serial.o(.data)
    EmvaSerialClass                          0x200000ec   Data           4  emva_serial.o(.data)
    g_timeInstancelist                       0x200000f0   Data           4  emva_time.o(.data)
    EmvaTimeClass                            0x200000fc   Data          16  emva_time.o(.data)
    event_callback                           0x20000118   Data           4  emva_net.o(.data)
    gNetConnectState                         0x20000128   Data           1  emva_net.o(.data)
    EmvaNet                                  0x2000012c   Data           8  emva_net.o(.data)
    gSubWifi                                 0x2000014c   Data           4  emva_wifi.o(.data)
    EmvaWifiClass                            0x20000150   Data           4  emva_wifi.o(.data)
    EmvaObserver                             0x20000158   Data           4  emva_observer.o(.data)
    EmvaEmvaIteratorApiClass                 0x20000164   Data           4  iterator.o(.data)
    EmvaPmicClass                            0x20000170   Data           4  emva_pmic.o(.data)
    EmvaSerializationClass                   0x2000017c   Data           4  emva_serialization.o(.data)
    EmvafmtClass                             0x20000180   Data           4  emva_fmt.o(.data)
    UsbHidDataCall                           0x20000188   Data           4  emva_usb_hid.o(.data)
    EmvaUsbHid                               0x2000018c   Data          12  emva_usb_hid.o(.data)
    g_eventCallbackSet                       0x20000198   Data           4  dv_serial.o(.data)
    serialObj                                0x2000019c   Data           8  dv_serial.o(.data)
    dv_serial_interface                      0x200001a4   Data          24  dv_serial.o(.data)
    serial_driver                            0x200001bc   Data           8  dv_serial.o(.data)
    eventCallbackSet                         0x200001cc   Data           4  dv_time.o(.data)
    dv_time_interface                        0x200001d0   Data          24  dv_time.o(.data)
    time_driver                              0x200001e8   Data           8  dv_time.o(.data)
    g_DvVittualTimeNum                       0x200001f0   Data           2  dv_virtual_time.o(.data)
    gTimeStartFlag                           0x200001f2   Data           1  dv_virtual_time.o(.data)
    dvVirtualTime                            0x200001f4   Data           8  dv_virtual_time.o(.data)
    ButtonMap                                0x200001fc   Data           4  dv_button.o(.data)
    gEventCall                               0x20000200   Data           4  dv_button.o(.data)
    dv_button_interface                      0x20000204   Data          24  dv_button.o(.data)
    button_driver                            0x2000021c   Data           8  dv_button.o(.data)
    usb_hid_event_call                       0x20000224   Data           4  dv_usb_hid.o(.data)
    dv_usb_hid_interface                     0x20000228   Data          24  dv_usb_hid.o(.data)
    usb_hid_driver                           0x20000240   Data           8  dv_usb_hid.o(.data)
    hal                                      0x20000248   Data          28  hal.o(.data)
    g_characterModuleDeviceList              0x20000268   Data           4  dv_character_device.o(.data)
    g_characterModuleDevArray                0x2000026c   Data           4  dv_character_device.o(.data)
    CMapCalss                                0x2000027c   Data           4  dv_map.o(.data)
    __stdout                                 0x20000280   Data           4  stdout.o(.data)
    eg_dv_mem_pool                           0x20000288   Data        5120  mpool.o(.bss)
    g_dv_membase                             0x20001688   Data        5120  mpool.o(.bss)
    g_dvmmt                                  0x20002a88   Data        1280  mpool.o(.bss)
    eg_emva_mem_pool                         0x20002f88   Data        2048  mpool.o(.bss)
    g_emva_membase                           0x20003788   Data        2048  mpool.o(.bss)
    g_emvammt                                0x20003f88   Data         512  mpool.o(.bss)
    bsp_gpio                                 0x20004188   Data         508  bsp.o(.bss)
    usart_obj                                0x20004384   Data          12  bsp.o(.bss)
    xQueueRegistry                           0x20004390   Data          64  queue.o(.bss)
    emva                                     0x200096dc   Data          68  emva.o(.bss)
    kfifo_buffer                             0x20009720   Data         512  emva_net.o(.bss)
    DvVirtualtimer_callback                  0x20009920   Data          16  dv_virtual_time.o(.bss)
    __initial_sp                             0x20009d30   Data           0  startup_stm32f411xe.o(STACK)



==============================================================================

Memory Map of the image

  Image Entry point : 0x08000199

  Load Region LR_IROM1 (Base: 0x08000000, Size: 0x00006a74, Max: 0x00080000, ABSOLUTE, COMPRESSED[0x000068fc])

    Execution Region ER_IROM1 (Exec base: 0x08000000, Load base: 0x08000000, Size: 0x000067f0, Max: 0x00080000, ABSOLUTE)

    Exec Addr    Load Addr    Size         Type   Attr      Idx    E Section Name        Object

    0x08000000   0x08000000   0x00000198   Data   RO         4949    RESET               startup_stm32f411xe.o
    0x08000198   0x08000198   0x00000000   Code   RO         7810  * .ARM.Collect$$$$00000000  mc_w.l(entry.o)
    0x08000198   0x08000198   0x00000004   Code   RO         8088    .ARM.Collect$$$$00000001  mc_w.l(entry2.o)
    0x0800019c   0x0800019c   0x00000004   Code   RO         8091    .ARM.Collect$$$$00000004  mc_w.l(entry5.o)
    0x080001a0   0x080001a0   0x00000000   Code   RO         8093    .ARM.Collect$$$$00000008  mc_w.l(entry7b.o)
    0x080001a0   0x080001a0   0x00000000   Code   RO         8095    .ARM.Collect$$$$0000000A  mc_w.l(entry8b.o)
    0x080001a0   0x080001a0   0x00000008   Code   RO         8096    .ARM.Collect$$$$0000000B  mc_w.l(entry9a.o)
    0x080001a8   0x080001a8   0x00000000   Code   RO         8098    .ARM.Collect$$$$0000000D  mc_w.l(entry10a.o)
    0x080001a8   0x080001a8   0x00000000   Code   RO         8100    .ARM.Collect$$$$0000000F  mc_w.l(entry11a.o)
    0x080001a8   0x080001a8   0x00000004   Code   RO         8089    .ARM.Collect$$$$00002712  mc_w.l(entry2.o)
    0x080001ac   0x080001ac   0x000000b6   Code   RO         5893    .emb_text           port.o
    0x08000262   0x08000262   0x00000002   PAD
    0x08000264   0x08000264   0x00000024   Code   RO         4950    .text               startup_stm32f411xe.o
    0x08000288   0x08000288   0x00000024   Code   RO         7813    .text               mc_w.l(memcpya.o)
    0x080002ac   0x080002ac   0x00000024   Code   RO         7815    .text               mc_w.l(memseta.o)
    0x080002d0   0x080002d0   0x0000000e   Code   RO         7817    .text               mc_w.l(strlen.o)
    0x080002de   0x080002de   0x0000001c   Code   RO         7819    .text               mc_w.l(strcmp.o)
    0x080002fa   0x080002fa   0x0000002c   Code   RO         8105    .text               mc_w.l(uidiv.o)
    0x08000326   0x08000326   0x00000062   Code   RO         8107    .text               mc_w.l(uldiv.o)
    0x08000388   0x08000388   0x00000000   Code   RO         8109    .text               mc_w.l(iusefp.o)
    0x08000388   0x08000388   0x0000014e   Code   RO         8110    .text               mf_w.l(dadd.o)
    0x080004d6   0x080004d6   0x000000e4   Code   RO         8112    .text               mf_w.l(dmul.o)
    0x080005ba   0x080005ba   0x000000de   Code   RO         8114    .text               mf_w.l(ddiv.o)
    0x08000698   0x08000698   0x00000030   Code   RO         8116    .text               mf_w.l(dfixul.o)
    0x080006c8   0x080006c8   0x00000030   Code   RO         8118    .text               mf_w.l(cdrcmple.o)
    0x080006f8   0x080006f8   0x00000024   Code   RO         8120    .text               mc_w.l(init.o)
    0x0800071c   0x0800071c   0x00000000   Code   RO         8122    .text               mc_w.l(semi.o)
    0x0800071c   0x0800071c   0x0000001e   Code   RO         8123    .text               mc_w.l(llshl.o)
    0x0800073a   0x0800073a   0x00000020   Code   RO         8125    .text               mc_w.l(llushr.o)
    0x0800075a   0x0800075a   0x00000024   Code   RO         8127    .text               mc_w.l(llsshr.o)
    0x0800077e   0x0800077e   0x00000000   Code   RO         8129    .text               mc_w.l(iusesemip.o)
    0x0800077e   0x0800077e   0x000000ba   Code   RO         8130    .text               mf_w.l(depilogue.o)
    0x08000838   0x08000838   0x00000056   Code   RO         8140    .text               mc_w.l(__dczerorl2.o)
    0x0800088e   0x0800088e   0x00000002   Code   RO          487    i.ADP_GPIO_Configuration  arch_stm32f411xx.o
    0x08000890   0x08000890   0x00000066   Code   RO          488    i.ADP_NVIC_Configuration  arch_stm32f411xx.o
    0x080008f6   0x080008f6   0x00000002   PAD
    0x080008f8   0x080008f8   0x0000002c   Code   RO         6866    i.AggregateNew      emva_lib.lib(iterator.o)
    0x08000924   0x08000924   0x00000018   Code   RO          279    i.BspTimeCallBack   bsp.o
    0x0800093c   0x0800093c   0x00000022   Code   RO          280    i.BspTimeControl    bsp.o
    0x0800095e   0x0800095e   0x00000012   Code   RO          281    i.BspTimeInitialize  bsp.o
    0x08000970   0x08000970   0x00000018   Code   RO          282    i.BspUsartCallBack  bsp.o
    0x08000988   0x08000988   0x0000002e   Code   RO          283    i.BspUsartInitialize  bsp.o
    0x080009b6   0x080009b6   0x00000002   PAD
    0x080009b8   0x080009b8   0x00000010   Code   RO          284    i.BspUsartRead      bsp.o
    0x080009c8   0x080009c8   0x00000010   Code   RO          285    i.BspUsartWrite     bsp.o
    0x080009d8   0x080009d8   0x00000014   Code   RO         7705    i.CMapAdd           emva_lib.lib(dv_map.o)
    0x080009ec   0x080009ec   0x0000002a   Code   RO         7706    i.CMapGet           emva_lib.lib(dv_map.o)
    0x08000a16   0x08000a16   0x00000002   PAD
    0x08000a18   0x08000a18   0x00000024   Code   RO         7707    i.CMapNew           emva_lib.lib(dv_map.o)
    0x08000a3c   0x08000a3c   0x00000038   Code   RO         6522    i.ConnClose         emva_lib.lib(emva_net.o)
    0x08000a74   0x08000a74   0x00000030   Code   RO         6523    i.ConnEvent         emva_lib.lib(emva_net.o)
    0x08000aa4   0x08000aa4   0x00000030   Code   RO         6524    i.ConnLocalAddr     emva_lib.lib(emva_net.o)
    0x08000ad4   0x08000ad4   0x0000004c   Code   RO         6525    i.ConnRead          emva_lib.lib(emva_net.o)
    0x08000b20   0x08000b20   0x00000010   Code   RO         6526    i.ConnRemoteAddr    emva_lib.lib(emva_net.o)
    0x08000b30   0x08000b30   0x00000030   Code   RO         6527    i.ConnSetDeadline   emva_lib.lib(emva_net.o)
    0x08000b60   0x08000b60   0x00000030   Code   RO         6528    i.ConnSetReadDeadline  emva_lib.lib(emva_net.o)
    0x08000b90   0x08000b90   0x00000030   Code   RO         6529    i.ConnSetWriteDeadline  emva_lib.lib(emva_net.o)
    0x08000bc0   0x08000bc0   0x0000003c   Code   RO         6530    i.ConnWrite         emva_lib.lib(emva_net.o)
    0x08000bfc   0x08000bfc   0x0000002a   Code   RO         7736    i.DvLink_List_GetAt  emva_lib.lib(dv_list.o)
    0x08000c26   0x08000c26   0x0000001e   Code   RO         7737    i.DvLink_List_Init  emva_lib.lib(dv_list.o)
    0x08000c44   0x08000c44   0x00000100   Code   RO         7738    i.DvLink_List_Insert  emva_lib.lib(dv_list.o)
    0x08000d44   0x08000d44   0x00000034   Code   RO         7742    i.DvLink_List_object_SearchAt  emva_lib.lib(dv_list.o)
    0x08000d78   0x08000d78   0x00000034   Code   RO         7217    i.DvModuleInitialize  emva_lib.lib(dev_init.o)
    0x08000dac   0x08000dac   0x00000084   Code   RO         6119    i.EmvaApiInit       emva_lib.lib(emva.o)
    0x08000e30   0x08000e30   0x00000058   Code   RO         6261    i.EmvaButtonInitialize  emva_lib.lib(emva_button.o)
    0x08000e88   0x08000e88   0x00000038   Code   RO         6909    i.EmvaPmicInitialize  emva_lib.lib(emva_pmic.o)
    0x08000ec0   0x08000ec0   0x0000003c   Code   RO         6336    i.EmvaSerialInitialize  emva_lib.lib(emva_serial.o)
    0x08000efc   0x08000efc   0x00000038   Code   RO         6429    i.EmvaTimeInitialize  emva_lib.lib(emva_time.o)
    0x08000f34   0x08000f34   0x0000002c   Code   RO         7073    i.EmvaUsbHidInitialize  emva_lib.lib(emva_usb_hid.o)
    0x08000f60   0x08000f60   0x0000005c   Code   RO         6632    i.EmvaWifiInitialize  emva_lib.lib(emva_wifi.o)
    0x08000fbc   0x08000fbc   0x00000114   Code   RO         6633    i.EmvaWifiNew       emva_lib.lib(emva_wifi.o)
    0x080010d0   0x080010d0   0x00000034   Code   RO         7037    i.FmtNew            emva_lib.lib(emva_fmt.o)
    0x08001104   0x08001104   0x00000090   Code   RO         1988    i.GPIO_Init         stm32f4xx_gpio.o
    0x08001194   0x08001194   0x00000046   Code   RO         1989    i.GPIO_PinAFConfig  stm32f4xx_gpio.o
    0x080011da   0x080011da   0x00000004   Code   RO          489    i.HardFault_Handler  arch_stm32f411xx.o
    0x080011de   0x080011de   0x00000002   PAD
    0x080011e0   0x080011e0   0x00000064   Code   RO         6430    i.InstaceTimeStart  emva_lib.lib(emva_time.o)
    0x08001244   0x08001244   0x00000060   Code   RO         6431    i.InstaceTimeStop   emva_lib.lib(emva_time.o)
    0x080012a4   0x080012a4   0x00000028   Code   RO         6262    i.KeyEventCallback  emva_lib.lib(emva_button.o)
    0x080012cc   0x080012cc   0x00000028   Code   RO         6263    i.KeyEventHandler   emva_lib.lib(emva_button.o)
    0x080012f4   0x080012f4   0x00000090   Code   RO         6264    i.KeyJitterCommon   emva_lib.lib(emva_button.o)
    0x08001384   0x08001384   0x0000000a   Code   RO         6265    i.KeyPressTimeHandler  emva_lib.lib(emva_button.o)
    0x0800138e   0x0800138e   0x0000002a   Code   RO         7478    i.Link_List_Clear   emva_lib.lib(emva_list.o)
    0x080013b8   0x080013b8   0x0000002a   Code   RO         7479    i.Link_List_GetAt   emva_lib.lib(emva_list.o)
    0x080013e2   0x080013e2   0x0000001e   Code   RO         7480    i.Link_List_Init    emva_lib.lib(emva_list.o)
    0x08001400   0x08001400   0x00000100   Code   RO         7481    i.Link_List_Insert  emva_lib.lib(emva_list.o)
    0x08001500   0x08001500   0x00000080   Code   RO         7484    i.Link_List_object_RemoveAt  emva_lib.lib(emva_list.o)
    0x08001580   0x08001580   0x000000ec   Code   RO            1    i.MainTask          app_main.o
    0x0800166c   0x0800166c   0x00000014   Code   RO          490    i.MemManage_Handler  arch_stm32f411xx.o
    0x08001680   0x08001680   0x00000078   Code   RO          660    i.NVIC_Init         misc.o
    0x080016f8   0x080016f8   0x00000014   Code   RO          661    i.NVIC_PriorityGroupConfig  misc.o
    0x0800170c   0x0800170c   0x00000028   Code   RO          491    i.NVIC_SystemReset  arch_stm32f411xx.o
    0x08001734   0x08001734   0x00000030   Code   RO         6806    i.ObserverSingletonNew  emva_lib.lib(emva_observer.o)
    0x08001764   0x08001764   0x00000020   Code   RO         6910    i.PmicGetProprety   emva_lib.lib(emva_pmic.o)
    0x08001784   0x08001784   0x00000018   Code   RO         6911    i.PmicReboot        emva_lib.lib(emva_pmic.o)
    0x0800179c   0x0800179c   0x00000018   Code   RO         6912    i.PmicShutdown      emva_lib.lib(emva_pmic.o)
    0x080017b4   0x080017b4   0x00000018   Code   RO         6913    i.PmicSleep         emva_lib.lib(emva_pmic.o)
    0x080017cc   0x080017cc   0x00000018   Code   RO         6914    i.PmicStandby       emva_lib.lib(emva_pmic.o)
    0x080017e4   0x080017e4   0x00000018   Code   RO         6915    i.PmicStop          emva_lib.lib(emva_pmic.o)
    0x080017fc   0x080017fc   0x000000b8   Code   RO         6963    i.ProtocolFormatNew  emva_lib.lib(emva_serialization.o)
    0x080018b4   0x080018b4   0x000000e0   Code   RO         6964    i.Protocol_Analysis  emva_lib.lib(emva_serialization.o)
    0x08001994   0x08001994   0x00000020   Code   RO         2803    i.RCC_AHB1PeriphClockCmd  stm32f4xx_rcc.o
    0x080019b4   0x080019b4   0x00000020   Code   RO         2812    i.RCC_APB1PeriphClockCmd  stm32f4xx_rcc.o
    0x080019d4   0x080019d4   0x00000020   Code   RO         2814    i.RCC_APB1PeriphResetCmd  stm32f4xx_rcc.o
    0x080019f4   0x080019f4   0x00000020   Code   RO         2815    i.RCC_APB2PeriphClockCmd  stm32f4xx_rcc.o
    0x08001a14   0x08001a14   0x00000020   Code   RO         2817    i.RCC_APB2PeriphResetCmd  stm32f4xx_rcc.o
    0x08001a34   0x08001a34   0x000000e8   Code   RO         2824    i.RCC_GetClocksFreq  stm32f4xx_rcc.o
    0x08001b1c   0x08001b1c   0x000000e8   Code   RO         4956    i.SetSysClock       system_stm32f4xx.o
    0x08001c04   0x08001c04   0x00000188   Code   RO          492    i.Stm32F411Usart_Initialize  arch_stm32f411xx.o
    0x08001d8c   0x08001d8c   0x0000006c   Code   RO          493    i.Stm32F411Usart_Write  arch_stm32f411xx.o
    0x08001df8   0x08001df8   0x0000002a   Code   RO          494    i.Stm32F411_mcuInit  arch_stm32f411xx.o
    0x08001e22   0x08001e22   0x00000028   Code   RO          664    i.SysTick_CLKSourceConfig  misc.o
    0x08001e4a   0x08001e4a   0x00000010   Code   RO          495    i.SysTick_Handler   arch_stm32f411xx.o
    0x08001e5a   0x08001e5a   0x00000002   PAD
    0x08001e5c   0x08001e5c   0x00000068   Code   RO         4958    i.SystemInit        system_stm32f4xx.o
    0x08001ec4   0x08001ec4   0x0000001a   Code   RO          498    i.TIM2_IRQHandler   arch_stm32f411xx.o
    0x08001ede   0x08001ede   0x00000018   Code   RO         4141    i.TIM_ARRPreloadConfig  stm32f4xx_tim.o
    0x08001ef6   0x08001ef6   0x00000006   Code   RO         4147    i.TIM_ClearFlag     stm32f4xx_tim.o
    0x08001efc   0x08001efc   0x00000006   Code   RO         4148    i.TIM_ClearITPendingBit  stm32f4xx_tim.o
    0x08001f02   0x08001f02   0x00000018   Code   RO         4153    i.TIM_Cmd           stm32f4xx_tim.o
    0x08001f1a   0x08001f1a   0x00000002   PAD
    0x08001f1c   0x08001f1c   0x00000190   Code   RO         4158    i.TIM_DeInit        stm32f4xx_tim.o
    0x080020ac   0x080020ac   0x00000022   Code   RO         4174    i.TIM_GetITStatus   stm32f4xx_tim.o
    0x080020ce   0x080020ce   0x00000012   Code   RO         4178    i.TIM_ITConfig      stm32f4xx_tim.o
    0x080020e0   0x080020e0   0x0000000c   Code   RO         4180    i.TIM_InternalClockConfig  stm32f4xx_tim.o
    0x080020ec   0x080020ec   0x00000084   Code   RO         4225    i.TIM_TimeBaseInit  stm32f4xx_tim.o
    0x08002170   0x08002170   0x00000124   Code   RO         6533    i.ThisDial          emva_lib.lib(emva_net.o)
    0x08002294   0x08002294   0x00000024   Code   RO         6965    i.ThisFmtCmd        emva_lib.lib(emva_serialization.o)
    0x080022b8   0x080022b8   0x00000024   Code   RO         6966    i.ThisFmtHead       emva_lib.lib(emva_serialization.o)
    0x080022dc   0x080022dc   0x00000022   Code   RO         6967    i.ThisFmtHex        emva_lib.lib(emva_serialization.o)
    0x080022fe   0x080022fe   0x0000002e   Code   RO         6968    i.ThisFmtStr        emva_lib.lib(emva_serialization.o)
    0x0800232c   0x0800232c   0x0000001a   Code   RO         6969    i.ThisFmtU16        emva_lib.lib(emva_serialization.o)
    0x08002346   0x08002346   0x00000014   Code   RO         6970    i.ThisFmtU32        emva_lib.lib(emva_serialization.o)
    0x0800235a   0x0800235a   0x00000010   Code   RO         6971    i.ThisFmtU8         emva_lib.lib(emva_serialization.o)
    0x0800236a   0x0800236a   0x00000030   Code   RO         6972    i.ThisFmtend        emva_lib.lib(emva_serialization.o)
    0x0800239a   0x0800239a   0x00000006   Code   RO         6973    i.ThisGetBuffer     emva_lib.lib(emva_serialization.o)
    0x080023a0   0x080023a0   0x00000006   Code   RO         6974    i.ThisGetLength     emva_lib.lib(emva_serialization.o)
    0x080023a6   0x080023a6   0x0000000c   Code   RO         6432    i.ThisNew           emva_lib.lib(emva_time.o)
    0x080023b2   0x080023b2   0x0000000c   Code   RO         6433    i.ThisSingleNew     emva_lib.lib(emva_time.o)
    0x080023be   0x080023be   0x0000000e   Code   RO         6434    i.ThisSubNew        emva_lib.lib(emva_time.o)
    0x080023cc   0x080023cc   0x0000000e   Code   RO         6435    i.ThisSubSingleNew  emva_lib.lib(emva_time.o)
    0x080023da   0x080023da   0x00000020   Code   RO          499    i.Time2Ctl          arch_stm32f411xx.o
    0x080023fa   0x080023fa   0x00000056   Code   RO          500    i.Time2Init         arch_stm32f411xx.o
    0x08002450   0x08002450   0x00000080   Code   RO          501    i.USART1_IRQHandler  arch_stm32f411xx.o
    0x080024d0   0x080024d0   0x00000080   Code   RO          502    i.USART2_IRQHandler  arch_stm32f411xx.o
    0x08002550   0x08002550   0x00000012   Code   RO         4699    i.USART_ClearFlag   stm32f4xx_usart.o
    0x08002562   0x08002562   0x0000001e   Code   RO         4700    i.USART_ClearITPendingBit  stm32f4xx_usart.o
    0x08002580   0x08002580   0x00000018   Code   RO         4703    i.USART_Cmd         stm32f4xx_usart.o
    0x08002598   0x08002598   0x0000001a   Code   RO         4706    i.USART_GetFlagStatus  stm32f4xx_usart.o
    0x080025b2   0x080025b2   0x00000054   Code   RO         4707    i.USART_GetITStatus  stm32f4xx_usart.o
    0x08002606   0x08002606   0x0000004a   Code   RO         4709    i.USART_ITConfig    stm32f4xx_usart.o
    0x08002650   0x08002650   0x000000d4   Code   RO         4710    i.USART_Init        stm32f4xx_usart.o
    0x08002724   0x08002724   0x0000000a   Code   RO         4717    i.USART_ReceiveData  stm32f4xx_usart.o
    0x0800272e   0x0800272e   0x00000008   Code   RO         4720    i.USART_SendData    stm32f4xx_usart.o
    0x08002736   0x08002736   0x00000002   PAD
    0x08002738   0x08002738   0x00000020   Code   RO         7074    i.UsbEventCall      emva_lib.lib(emva_usb_hid.o)
    0x08002758   0x08002758   0x00000002   Code   RO          286    i.UsbHidCallBack    bsp.o
    0x0800275a   0x0800275a   0x00000002   Code   RO          287    i.UsbHidInit        bsp.o
    0x0800275c   0x0800275c   0x00000002   Code   RO          288    i.UsbHidWrite       bsp.o
    0x0800275e   0x0800275e   0x00000002   PAD
    0x08002760   0x08002760   0x00000020   Code   RO         8060    i.__0printf         mc_w.l(printfa.o)
    0x08002780   0x08002780   0x0000002c   Code   RO         8065    i.__0vsnprintf      mc_w.l(printfa.o)
    0x080027ac   0x080027ac   0x0000000e   Code   RO         8134    i.__scatterload_copy  mc_w.l(handlers.o)
    0x080027ba   0x080027ba   0x00000002   Code   RO         8135    i.__scatterload_null  mc_w.l(handlers.o)
    0x080027bc   0x080027bc   0x0000000e   Code   RO         8136    i.__scatterload_zeroinit  mc_w.l(handlers.o)
    0x080027ca   0x080027ca   0x00000002   PAD
    0x080027cc   0x080027cc   0x00000184   Code   RO         8067    i._fp_digits        mc_w.l(printfa.o)
    0x08002950   0x08002950   0x000006dc   Code   RO         8068    i._printf_core      mc_w.l(printfa.o)
    0x0800302c   0x0800302c   0x00000024   Code   RO         8069    i._printf_post_padding  mc_w.l(printfa.o)
    0x08003050   0x08003050   0x0000002e   Code   RO         8070    i._printf_pre_padding  mc_w.l(printfa.o)
    0x0800307e   0x0800307e   0x00000016   Code   RO         8071    i._snputc           mc_w.l(printfa.o)
    0x08003094   0x08003094   0x00000008   Code   RO          289    i.archInitialize    bsp.o
    0x0800309c   0x0800309c   0x00000030   Code   RO         7327    i.buttonCallback    emva_lib.lib(dv_button.o)
    0x080030cc   0x080030cc   0x0000002c   Code   RO         6266    i.buttonCreate      emva_lib.lib(emva_button.o)
    0x080030f8   0x080030f8   0x00000020   Code   RO         6267    i.buttonGetPinState  emva_lib.lib(emva_button.o)
    0x08003118   0x08003118   0x00000004   Code   RO         6268    i.buttonSetCallback  emva_lib.lib(emva_button.o)
    0x0800311c   0x0800311c   0x00000006   Code   RO         7328    i.button_close_module  emva_lib.lib(dv_button.o)
    0x08003122   0x08003122   0x00000002   PAD
    0x08003124   0x08003124   0x0000006c   Code   RO         7329    i.button_events     emva_lib.lib(dv_button.o)
    0x08003190   0x08003190   0x00000006   Code   RO         7330    i.button_ioct       emva_lib.lib(dv_button.o)
    0x08003196   0x08003196   0x00000002   PAD
    0x08003198   0x08003198   0x00000020   Code   RO         7331    i.button_open_module  emva_lib.lib(dv_button.o)
    0x080031b8   0x080031b8   0x00000006   Code   RO         7332    i.button_read       emva_lib.lib(dv_button.o)
    0x080031be   0x080031be   0x00000006   Code   RO         7333    i.button_write      emva_lib.lib(dv_button.o)
    0x080031c4   0x080031c4   0x00000114   Code   RO         7533    i.character_dev_device_registered  emva_lib.lib(dv_character_device.o)
    0x080032d8   0x080032d8   0x00000038   Code   RO         7534    i.character_dev_event  emva_lib.lib(dv_character_device.o)
    0x08003310   0x08003310   0x00000040   Code   RO         7535    i.character_dev_ioctl  emva_lib.lib(dv_character_device.o)
    0x08003350   0x08003350   0x00000048   Code   RO         7536    i.character_dev_open  emva_lib.lib(dv_character_device.o)
    0x08003398   0x08003398   0x00000040   Code   RO         7537    i.character_dev_read  emva_lib.lib(dv_character_device.o)
    0x080033d8   0x080033d8   0x00000040   Code   RO         7538    i.character_dev_write  emva_lib.lib(dv_character_device.o)
    0x08003418   0x08003418   0x0000002c   Code   RO         6534    i.data_callback     emva_lib.lib(emva_net.o)
    0x08003444   0x08003444   0x00000044   Code   RO          503    i.delay_init        arch_stm32f411xx.o
    0x08003488   0x08003488   0x00000028   Code   RO         7287    i.dvTimeVirtualInit  emva_lib.lib(dv_virtual_time.o)
    0x080034b0   0x080034b0   0x00000058   Code   RO         7315    i.dvTimeVirtualRun  emva_lib.lib(dv_virtual_time.o)
    0x08003508   0x08003508   0x00000010   Code   RO         7334    i.dv_button_init    emva_lib.lib(dv_button.o)
    0x08003518   0x08003518   0x00000024   Code   RO         7630    i.dv_error_new      emva_lib.lib(dv_error.o)
    0x0800353c   0x0800353c   0x0000000c   Code   RO         7180    i.dv_free           emva_lib.lib(dv_serial.o)
    0x08003548   0x08003548   0x00000056   Code   RO         7651    i.dv_kfifo_get      emva_lib.lib(dv_kfifo.o)
    0x0800359e   0x0800359e   0x0000000c   Code   RO         7653    i.dv_kfifo_init     emva_lib.lib(dv_kfifo.o)
    0x080035aa   0x080035aa   0x0000005a   Code   RO         7655    i.dv_kfifo_put      emva_lib.lib(dv_kfifo.o)
    0x08003604   0x08003604   0x0000000c   Code   RO         7175    i.dv_malloc         emva_lib.lib(dv_serial.o)
    0x08003610   0x08003610   0x00000030   Code   RO          226    i.dv_mem_pool_free  mpool.o
    0x08003640   0x08003640   0x00000064   Code   RO          228    i.dv_mem_pool_malloc  mpool.o
    0x080036a4   0x080036a4   0x00000010   Code   RO         7113    i.dv_serial_init    emva_lib.lib(dv_serial.o)
    0x080036b4   0x080036b4   0x00000010   Code   RO         7232    i.dv_time_init      emva_lib.lib(dv_time.o)
    0x080036c4   0x080036c4   0x00000010   Code   RO         7397    i.dv_usb_hid_init   emva_lib.lib(dv_usb_hid.o)
    0x080036d4   0x080036d4   0x00000034   Code   RO         6122    i.emvaIniaialize    emva_lib.lib(emva.o)
    0x08003708   0x08003708   0x0000000c   Code   RO           54    i.emva_free         app_main.o
    0x08003714   0x08003714   0x0000000c   Code   RO           48    i.emva_malloc       app_main.o
    0x08003720   0x08003720   0x00000030   Code   RO          229    i.emva_mem_pool_free  mpool.o
    0x08003750   0x08003750   0x00000064   Code   RO          231    i.emva_mem_pool_malloc  mpool.o
    0x080037b4   0x080037b4   0x0000000c   Code   RO           36    i.emva_sleep        app_main.o
    0x080037c0   0x080037c0   0x00000026   Code   RO         7631    i.error_new_info    emva_lib.lib(dv_error.o)
    0x080037e6   0x080037e6   0x00000002   PAD
    0x080037e8   0x080037e8   0x0000002c   Code   RO         6339    i.event_callback    emva_lib.lib(emva_serial.o)
    0x08003814   0x08003814   0x00000024   Code   RO            4    i.fmtout            app_main.o
    0x08003838   0x08003838   0x00000012   Code   RO         8102    i.fputc             mc_w.l(fputc.o)
    0x0800384a   0x0800384a   0x00000002   PAD
    0x0800384c   0x0800384c   0x00000040   Code   RO          504    i.interface_delay_ms  arch_stm32f411xx.o
    0x0800388c   0x0800388c   0x00000048   Code   RO          505    i.interface_delay_us  arch_stm32f411xx.o
    0x080038d4   0x080038d4   0x00000020   Code   RO         7790    i.isEqual           emva_lib.lib(util.o)
    0x080038f4   0x080038f4   0x00000018   Code   RO         6123    i.kernel_driver_init  emva_lib.lib(emva.o)
    0x0800390c   0x0800390c   0x00000034   Code   RO          202    i.main              main.o
    0x08003940   0x08003940   0x0000000e   Code   RO         7658    i.min               emva_lib.lib(dv_kfifo.o)
    0x0800394e   0x0800394e   0x00000002   PAD
    0x08003950   0x08003950   0x00000040   Code   RO         7587    i.net_dev_do_ioctl  emva_lib.lib(dv_net_device.o)
    0x08003990   0x08003990   0x00000038   Code   RO         7588    i.net_dev_event     emva_lib.lib(dv_net_device.o)
    0x080039c8   0x080039c8   0x00000040   Code   RO         7590    i.net_dev_start_xmit  emva_lib.lib(dv_net_device.o)
    0x08003a08   0x08003a08   0x00000044   Code   RO         6269    i.newButton         emva_lib.lib(emva_button.o)
    0x08003a4c   0x08003a4c   0x00000050   Code   RO         6916    i.newPmic           emva_lib.lib(emva_pmic.o)
    0x08003a9c   0x08003a9c   0x00000054   Code   RO         6340    i.newSerial         emva_lib.lib(emva_serial.o)
    0x08003af0   0x08003af0   0x0000003a   Code   RO         6807    i.obServerNew       emva_lib.lib(emva_observer.o)
    0x08003b2a   0x08003b2a   0x0000000c   Code   RO          643    i.os_sleep          os.o
    0x08003b36   0x08003b36   0x00000038   Code   RO         6436    i.osal_start_timerEx  emva_lib.lib(emva_time.o)
    0x08003b6e   0x08003b6e   0x00000024   Code   RO         6437    i.osal_stop_timerEx  emva_lib.lib(emva_time.o)
    0x08003b92   0x08003b92   0x00000002   PAD
    0x08003b94   0x08003b94   0x00000098   Code   RO         5403    i.prvAddCurrentTaskToDelayedList  tasks.o
    0x08003c2c   0x08003c2c   0x000000b8   Code   RO         5404    i.prvAddNewTaskToReadyList  tasks.o
    0x08003ce4   0x08003ce4   0x00000064   Code   RO         5763    i.prvCheckForValidListAndQueue  timers.o
    0x08003d48   0x08003d48   0x00000064   Code   RO         5405    i.prvCheckTasksWaitingTermination  tasks.o
    0x08003dac   0x08003dac   0x0000002a   Code   RO         5167    i.prvCopyDataFromQueue  queue.o
    0x08003dd6   0x08003dd6   0x0000007c   Code   RO         5168    i.prvCopyDataToQueue  queue.o
    0x08003e52   0x08003e52   0x00000012   Code   RO         5406    i.prvDeleteTCB      tasks.o
    0x08003e64   0x08003e64   0x00000028   Code   RO         5764    i.prvGetNextExpireTime  timers.o
    0x08003e8c   0x08003e8c   0x0000007c   Code   RO         5970    i.prvHeapInit       heap_4.o
    0x08003f08   0x08003f08   0x00000028   Code   RO         5407    i.prvIdleTask       tasks.o
    0x08003f30   0x08003f30   0x0000002e   Code   RO         5170    i.prvInitialiseNewQueue  queue.o
    0x08003f5e   0x08003f5e   0x00000002   PAD
    0x08003f60   0x08003f60   0x000000d0   Code   RO         5408    i.prvInitialiseNewTask  tasks.o
    0x08004030   0x08004030   0x00000068   Code   RO         5409    i.prvInitialiseTaskLists  tasks.o
    0x08004098   0x08004098   0x00000068   Code   RO         5971    i.prvInsertBlockIntoFreeList  heap_4.o
    0x08004100   0x08004100   0x00000058   Code   RO         5766    i.prvInsertTimerInActiveList  timers.o
    0x08004158   0x08004158   0x0000001a   Code   RO         5171    i.prvIsQueueEmpty   queue.o
    0x08004172   0x08004172   0x0000001e   Code   RO         5172    i.prvIsQueueFull    queue.o
    0x08004190   0x08004190   0x000000a0   Code   RO         5173    i.prvNotifyQueueSetContainer  queue.o
    0x08004230   0x08004230   0x00000080   Code   RO         5767    i.prvProcessExpiredTimer  timers.o
    0x080042b0   0x080042b0   0x0000012c   Code   RO         5768    i.prvProcessReceivedCommands  timers.o
    0x080043dc   0x080043dc   0x00000074   Code   RO         5769    i.prvProcessTimerOrBlockTask  timers.o
    0x08004450   0x08004450   0x00000034   Code   RO         5411    i.prvResetNextTaskUnblockTime  tasks.o
    0x08004484   0x08004484   0x0000002c   Code   RO         5770    i.prvSampleTimeNow  timers.o
    0x080044b0   0x080044b0   0x000000bc   Code   RO         5771    i.prvSwitchTimerLists  timers.o
    0x0800456c   0x0800456c   0x00000074   Code   RO         5894    i.prvTaskExitError  port.o
    0x080045e0   0x080045e0   0x0000001a   Code   RO         5772    i.prvTimerTask      timers.o
    0x080045fa   0x080045fa   0x00000092   Code   RO         5174    i.prvUnlockQueue    queue.o
    0x0800468c   0x0800468c   0x00000154   Code   RO         5972    i.pvPortMalloc      heap_4.o
    0x080047e0   0x080047e0   0x00000020   Code   RO         5415    i.pvTaskIncrementMutexHeldCount  tasks.o
    0x08004800   0x08004800   0x0000002c   Code   RO         5895    i.pxPortInitialiseStack  port.o
    0x0800482c   0x0800482c   0x00000034   Code   RO         6341    i.serialCallBack    emva_lib.lib(emva_serial.o)
    0x08004860   0x08004860   0x00000030   Code   RO         7114    i.serialCallback    emva_lib.lib(dv_serial.o)
    0x08004890   0x08004890   0x00000012   Code   RO         6342    i.serialClose       emva_lib.lib(emva_serial.o)
    0x080048a2   0x080048a2   0x00000002   PAD
    0x080048a4   0x080048a4   0x00000038   Code   RO         6343    i.serialDataCall    emva_lib.lib(emva_serial.o)
    0x080048dc   0x080048dc   0x0000000c   Code   RO         6344    i.serialEvent       emva_lib.lib(emva_serial.o)
    0x080048e8   0x080048e8   0x00000044   Code   RO         6345    i.serialOpen        emva_lib.lib(emva_serial.o)
    0x0800492c   0x0800492c   0x00000034   Code   RO         6346    i.serialRead        emva_lib.lib(emva_serial.o)
    0x08004960   0x08004960   0x0000001c   Code   RO         6347    i.serialWrite       emva_lib.lib(emva_serial.o)
    0x0800497c   0x0800497c   0x00000006   Code   RO         7115    i.serial_close_module  emva_lib.lib(dv_serial.o)
    0x08004982   0x08004982   0x00000002   PAD
    0x08004984   0x08004984   0x00000010   Code   RO         7116    i.serial_events     emva_lib.lib(dv_serial.o)
    0x08004994   0x08004994   0x0000007c   Code   RO         7117    i.serial_ioct       emva_lib.lib(dv_serial.o)
    0x08004a10   0x08004a10   0x00000006   Code   RO         7118    i.serial_open_module  emva_lib.lib(dv_serial.o)
    0x08004a16   0x08004a16   0x00000002   PAD
    0x08004a18   0x08004a18   0x00000038   Code   RO         7119    i.serial_read       emva_lib.lib(dv_serial.o)
    0x08004a50   0x08004a50   0x00000038   Code   RO         7120    i.serial_write      emva_lib.lib(dv_serial.o)
    0x08004a88   0x08004a88   0x00000002   Code   RO            5    i.sreial1_callback  app_main.o
    0x08004a8a   0x08004a8a   0x00000002   PAD
    0x08004a8c   0x08004a8c   0x00000050   Code   RO         6808    i.subjectNew        emva_lib.lib(emva_observer.o)
    0x08004adc   0x08004adc   0x00000022   Code   RO         6809    i.thisAdd           emva_lib.lib(emva_observer.o)
    0x08004afe   0x08004afe   0x0000001e   Code   RO         6810    i.thisDel           emva_lib.lib(emva_observer.o)
    0x08004b1c   0x08004b1c   0x00000034   Code   RO         6867    i.thisFreeContainer  emva_lib.lib(iterator.o)
    0x08004b50   0x08004b50   0x0000001c   Code   RO         6868    i.thisHasNext       emva_lib.lib(iterator.o)
    0x08004b6c   0x08004b6c   0x0000002c   Code   RO         6869    i.thisIterator      emva_lib.lib(iterator.o)
    0x08004b98   0x08004b98   0x00000020   Code   RO         6870    i.thisNext          emva_lib.lib(iterator.o)
    0x08004bb8   0x08004bb8   0x00000032   Code   RO         6811    i.thisNotify        emva_lib.lib(emva_observer.o)
    0x08004bea   0x08004bea   0x00000002   PAD
    0x08004bec   0x08004bec   0x0000005c   Code   RO         6812    i.thisPublishTopic  emva_lib.lib(emva_observer.o)
    0x08004c48   0x08004c48   0x00000038   Code   RO         6871    i.thisSetContainer  emva_lib.lib(iterator.o)
    0x08004c80   0x08004c80   0x00000088   Code   RO         6813    i.thisSubscribeTopic  emva_lib.lib(emva_observer.o)
    0x08004d08   0x08004d08   0x00000006   Code   RO         6634    i.this_addNetwork   emva_lib.lib(emva_wifi.o)
    0x08004d0e   0x08004d0e   0x00000006   Code   RO         6635    i.this_calculateSignalLevel  emva_lib.lib(emva_wifi.o)
    0x08004d14   0x08004d14   0x00000006   Code   RO         6636    i.this_compareSignalLevel  emva_lib.lib(emva_wifi.o)
    0x08004d1a   0x08004d1a   0x00000002   PAD
    0x08004d1c   0x08004d1c   0x00000024   Code   RO         6637    i.this_connect      emva_lib.lib(emva_wifi.o)
    0x08004d40   0x08004d40   0x00000006   Code   RO         6638    i.this_createWifiLock  emva_lib.lib(emva_wifi.o)
    0x08004d46   0x08004d46   0x00000006   Code   RO         6639    i.this_disableNetWork  emva_lib.lib(emva_wifi.o)
    0x08004d4c   0x08004d4c   0x00000002   Code   RO         6640    i.this_disconnect   emva_lib.lib(emva_wifi.o)
    0x08004d4e   0x08004d4e   0x00000002   Code   RO         6641    i.this_enableNetwork  emva_lib.lib(emva_wifi.o)
    0x08004d50   0x08004d50   0x0000000c   Code   RO         6642    i.this_getBSSIS     emva_lib.lib(emva_wifi.o)
    0x08004d5c   0x08004d5c   0x00000006   Code   RO         6643    i.this_getConfiguredNetworks  emva_lib.lib(emva_wifi.o)
    0x08004d62   0x08004d62   0x00000006   Code   RO         6644    i.this_getConnectionInfo  emva_lib.lib(emva_wifi.o)
    0x08004d68   0x08004d68   0x0000000c   Code   RO         6645    i.this_getDhcpInfo  emva_lib.lib(emva_wifi.o)
    0x08004d74   0x08004d74   0x0000000c   Code   RO         6646    i.this_getIPAddress  emva_lib.lib(emva_wifi.o)
    0x08004d80   0x08004d80   0x00000006   Code   RO         6647    i.this_getLinkSpeed  emva_lib.lib(emva_wifi.o)
    0x08004d86   0x08004d86   0x00000002   PAD
    0x08004d88   0x08004d88   0x0000001c   Code   RO         6648    i.this_getMacAddress  emva_lib.lib(emva_wifi.o)
    0x08004da4   0x08004da4   0x0000001c   Code   RO         6649    i.this_getRssi      emva_lib.lib(emva_wifi.o)
    0x08004dc0   0x08004dc0   0x0000001c   Code   RO         6650    i.this_getSSID      emva_lib.lib(emva_wifi.o)
    0x08004ddc   0x08004ddc   0x00000006   Code   RO         6651    i.this_getScanResults  emva_lib.lib(emva_wifi.o)
    0x08004de2   0x08004de2   0x00000002   PAD
    0x08004de4   0x08004de4   0x0000006c   Code   RO         6652    i.this_getSupplicanState  emva_lib.lib(emva_wifi.o)
    0x08004e50   0x08004e50   0x00000006   Code   RO         6653    i.this_getWifiState  emva_lib.lib(emva_wifi.o)
    0x08004e56   0x08004e56   0x00000006   Code   RO         6654    i.this_isWifiEnabled  emva_lib.lib(emva_wifi.o)
    0x08004e5c   0x08004e5c   0x00000006   Code   RO         6655    i.this_pingSupplicant  emva_lib.lib(emva_wifi.o)
    0x08004e62   0x08004e62   0x00000032   Code   RO         7038    i.this_print        emva_lib.lib(emva_fmt.o)
    0x08004e94   0x08004e94   0x0000002c   Code   RO         7039    i.this_printhex     emva_lib.lib(emva_fmt.o)
    0x08004ec0   0x08004ec0   0x00000040   Code   RO         7040    i.this_println      emva_lib.lib(emva_fmt.o)
    0x08004f00   0x08004f00   0x00000006   Code   RO         6656    i.this_reconnect    emva_lib.lib(emva_wifi.o)
    0x08004f06   0x08004f06   0x00000006   Code   RO         6657    i.this_removeNetwork  emva_lib.lib(emva_wifi.o)
    0x08004f0c   0x08004f0c   0x00000002   Code   RO         6658    i.this_ressociate   emva_lib.lib(emva_wifi.o)
    0x08004f0e   0x08004f0e   0x00000006   Code   RO         6659    i.this_saveConfiguration  emva_lib.lib(emva_wifi.o)
    0x08004f14   0x08004f14   0x00000036   Code   RO         6660    i.this_setConnectInfo  emva_lib.lib(emva_wifi.o)
    0x08004f4a   0x08004f4a   0x00000002   Code   RO         6661    i.this_setWifiEnabled  emva_lib.lib(emva_wifi.o)
    0x08004f4c   0x08004f4c   0x00000002   Code   RO         6662    i.this_startScan    emva_lib.lib(emva_wifi.o)
    0x08004f4e   0x08004f4e   0x00000002   Code   RO         6663    i.this_updateNetwork  emva_lib.lib(emva_wifi.o)
    0x08004f50   0x08004f50   0x00000024   Code   RO          365    i.time2_callback    bsp.o
    0x08004f74   0x08004f74   0x0000001c   Code   RO         7233    i.timeCallback      emva_lib.lib(dv_time.o)
    0x08004f90   0x08004f90   0x00000008   Code   RO         7288    i.timeCallback      emva_lib.lib(dv_virtual_time.o)
    0x08004f98   0x08004f98   0x00000008   Code   RO         7234    i.time_close_module  emva_lib.lib(dv_time.o)
    0x08004fa0   0x08004fa0   0x0000000e   Code   RO         6438    i.time_dev_event_callback  emva_lib.lib(emva_time.o)
    0x08004fae   0x08004fae   0x00000002   PAD
    0x08004fb0   0x08004fb0   0x00000028   Code   RO         7235    i.time_events       emva_lib.lib(dv_time.o)
    0x08004fd8   0x08004fd8   0x0000001c   Code   RO         7236    i.time_ioct         emva_lib.lib(dv_time.o)
    0x08004ff4   0x08004ff4   0x0000001c   Code   RO         7237    i.time_open_module  emva_lib.lib(dv_time.o)
    0x08005010   0x08005010   0x00000008   Code   RO         7238    i.time_read         emva_lib.lib(dv_time.o)
    0x08005018   0x08005018   0x00000008   Code   RO         7239    i.time_write        emva_lib.lib(dv_time.o)
    0x08005020   0x08005020   0x00000084   Code   RO         6440    i.timerNew          emva_lib.lib(emva_time.o)
    0x080050a4   0x080050a4   0x00000020   Code   RO          290    i.usart1_callback   bsp.o
    0x080050c4   0x080050c4   0x00000020   Code   RO          291    i.usart2_callback   bsp.o
    0x080050e4   0x080050e4   0x00000018   Code   RO         7075    i.usbHidInit        emva_lib.lib(emva_usb_hid.o)
    0x080050fc   0x080050fc   0x00000024   Code   RO         7076    i.usbHidsetCall     emva_lib.lib(emva_usb_hid.o)
    0x08005120   0x08005120   0x0000001c   Code   RO         7077    i.usbHidtranmission  emva_lib.lib(emva_usb_hid.o)
    0x0800513c   0x0800513c   0x00000020   Code   RO         7398    i.usb_hid_call      emva_lib.lib(dv_usb_hid.o)
    0x0800515c   0x0800515c   0x00000006   Code   RO         7399    i.usb_hid_close_module  emva_lib.lib(dv_usb_hid.o)
    0x08005162   0x08005162   0x00000002   PAD
    0x08005164   0x08005164   0x00000024   Code   RO         7400    i.usb_hid_events    emva_lib.lib(dv_usb_hid.o)
    0x08005188   0x08005188   0x0000001c   Code   RO         7401    i.usb_hid_ioct      emva_lib.lib(dv_usb_hid.o)
    0x080051a4   0x080051a4   0x00000006   Code   RO         7402    i.usb_hid_open_module  emva_lib.lib(dv_usb_hid.o)
    0x080051aa   0x080051aa   0x00000006   Code   RO         7403    i.usb_hid_read      emva_lib.lib(dv_usb_hid.o)
    0x080051b0   0x080051b0   0x0000001c   Code   RO         7404    i.usb_hid_write     emva_lib.lib(dv_usb_hid.o)
    0x080051cc   0x080051cc   0x00000028   Code   RO         5130    i.uxListRemove      list.o
    0x080051f4   0x080051f4   0x0000001a   Code   RO         5131    i.vListInitialise   list.o
    0x0800520e   0x0800520e   0x00000006   Code   RO         5132    i.vListInitialiseItem  list.o
    0x08005214   0x08005214   0x00000034   Code   RO         5133    i.vListInsert       list.o
    0x08005248   0x08005248   0x00000018   Code   RO         5134    i.vListInsertEnd    list.o
    0x08005260   0x08005260   0x00000088   Code   RO         5897    i.vPortEnterCritical  port.o
    0x080052e8   0x080052e8   0x00000070   Code   RO         5898    i.vPortExitCritical  port.o
    0x08005358   0x08005358   0x000000b8   Code   RO         5973    i.vPortFree         heap_4.o
    0x08005410   0x08005410   0x00000014   Code   RO         5899    i.vPortSetupTimerInterrupt  port.o
    0x08005424   0x08005424   0x000000a0   Code   RO         5900    i.vPortValidateInterruptPriority  port.o
    0x080054c4   0x080054c4   0x0000002c   Code   RO         5180    i.vQueueAddToRegistry  queue.o
    0x080054f0   0x080054f0   0x0000004a   Code   RO         5184    i.vQueueWaitForMessageRestricted  queue.o
    0x0800553a   0x0800553a   0x00000002   PAD
    0x0800553c   0x0800553c   0x00000074   Code   RO         5423    i.vTaskDelay        tasks.o
    0x080055b0   0x080055b0   0x0000000c   Code   RO         5429    i.vTaskMissedYield  tasks.o
    0x080055bc   0x080055bc   0x00000054   Code   RO         5431    i.vTaskPlaceOnEventList  tasks.o
    0x08005610   0x08005610   0x0000005c   Code   RO         5432    i.vTaskPlaceOnEventListRestricted  tasks.o
    0x0800566c   0x0800566c   0x000000b0   Code   RO         5434    i.vTaskPriorityInherit  tasks.o
    0x0800571c   0x0800571c   0x0000004c   Code   RO         5438    i.vTaskSetTimeOutState  tasks.o
    0x08005768   0x08005768   0x000000ac   Code   RO         5439    i.vTaskStartScheduler  tasks.o
    0x08005814   0x08005814   0x00000010   Code   RO         5441    i.vTaskSuspendAll   tasks.o
    0x08005824   0x08005824   0x000000a8   Code   RO         5442    i.vTaskSwitchContext  tasks.o
    0x080058cc   0x080058cc   0x0000003c   Code   RO         7289    i.virtualTimeStart1  emva_lib.lib(dv_virtual_time.o)
    0x08005908   0x08005908   0x00000010   Code   RO         7290    i.virtualTimeStop1  emva_lib.lib(dv_virtual_time.o)
    0x08005918   0x08005918   0x0000009c   Code   RO         6501    i.virtualTimerRun   emva_lib.lib(emva_time.o)
    0x080059b4   0x080059b4   0x0000015c   Code   RO         5901    i.xPortStartScheduler  port.o
    0x08005b10   0x08005b10   0x00000034   Code   RO         5902    i.xPortSysTickHandler  port.o
    0x08005b44   0x08005b44   0x00000074   Code   RO         5189    i.xQueueGenericCreate  queue.o
    0x08005bb8   0x08005bb8   0x000001c8   Code   RO         5190    i.xQueueGenericReceive  queue.o
    0x08005d80   0x08005d80   0x000000b0   Code   RO         5191    i.xQueueGenericReset  queue.o
    0x08005e30   0x08005e30   0x000001c4   Code   RO         5192    i.xQueueGenericSend  queue.o
    0x08005ff4   0x08005ff4   0x00000110   Code   RO         5193    i.xQueueGenericSendFromISR  queue.o
    0x08006104   0x08006104   0x000000a0   Code   RO         5443    i.xTaskCheckForTimeOut  tasks.o
    0x080061a4   0x080061a4   0x00000060   Code   RO         5444    i.xTaskCreate       tasks.o
    0x08006204   0x08006204   0x00000020   Code   RO         5448    i.xTaskGetSchedulerState  tasks.o
    0x08006224   0x08006224   0x0000000c   Code   RO         5449    i.xTaskGetTickCount  tasks.o
    0x08006230   0x08006230   0x00000160   Code   RO         5451    i.xTaskIncrementTick  tasks.o
    0x08006390   0x08006390   0x000000d8   Code   RO         5454    i.xTaskPriorityDisinherit  tasks.o
    0x08006468   0x08006468   0x000000b4   Code   RO         5455    i.xTaskRemoveFromEventList  tasks.o
    0x0800651c   0x0800651c   0x00000120   Code   RO         5457    i.xTaskResumeAll    tasks.o
    0x0800663c   0x0800663c   0x00000074   Code   RO         5776    i.xTimerCreateTimerTask  timers.o
    0x080066b0   0x080066b0   0x000000a4   Code   RO         5777    i.xTimerGenericCommand  timers.o
    0x08006754   0x08006754   0x0000004d   Data   RO         6540    .conststring        emva_lib.lib(emva_net.o)
    0x080067a1   0x080067a1   0x00000003   PAD
    0x080067a4   0x080067a4   0x0000000a   Data   RO         7121    .conststring        emva_lib.lib(dv_serial.o)
    0x080067ae   0x080067ae   0x00000002   PAD
    0x080067b0   0x080067b0   0x00000008   Data   RO         7240    .conststring        emva_lib.lib(dv_time.o)
    0x080067b8   0x080067b8   0x0000000a   Data   RO         7337    .conststring        emva_lib.lib(dv_button.o)
    0x080067c2   0x080067c2   0x00000002   PAD
    0x080067c4   0x080067c4   0x0000000b   Data   RO         7405    .conststring        emva_lib.lib(dv_usb_hid.o)
    0x080067cf   0x080067cf   0x00000001   PAD
    0x080067d0   0x080067d0   0x00000020   Data   RO         8132    Region$$Table       anon$$obj.o


    Execution Region RW_IRAM1 (Exec base: 0x20000000, Load base: 0x080067f0, Size: 0x00009d30, Max: 0x00020000, ABSOLUTE, COMPRESSED[0x0000010c])

    Exec Addr    Load Addr    Size         Type   Attr      Idx    E Section Name        Object

    0x20000000   COMPRESSED   0x00000008   Data   RW            6    .data               app_main.o
    0x20000008   COMPRESSED   0x00000038   Data   RW          294    .data               bsp.o
    0x20000040   COMPRESSED   0x00000008   Data   RW          507    .data               arch_stm32f411xx.o
    0x20000048   COMPRESSED   0x00000010   Data   RW         2856    .data               stm32f4xx_rcc.o
    0x20000058   COMPRESSED   0x0000003c   Data   RW         5460    .data               tasks.o
    0x20000094   COMPRESSED   0x00000014   Data   RW         5785    .data               timers.o
    0x200000a8   COMPRESSED   0x0000000c   Data   RW         5903    .data               port.o
    0x200000b4   COMPRESSED   0x00000018   Data   RW         5978    .data               heap_4.o
    0x200000cc   COMPRESSED   0x00000010   Data   RW         6270    .data               emva_lib.lib(emva_button.o)
    0x200000dc   COMPRESSED   0x00000014   Data   RW         6348    .data               emva_lib.lib(emva_serial.o)
    0x200000f0   COMPRESSED   0x00000028   Data   RW         6441    .data               emva_lib.lib(emva_time.o)
    0x20000118   COMPRESSED   0x0000002c   Data   RW         6541    .data               emva_lib.lib(emva_net.o)
    0x20000144   COMPRESSED   0x00000010   Data   RW         6664    .data               emva_lib.lib(emva_wifi.o)
    0x20000154   COMPRESSED   0x00000010   Data   RW         6814    .data               emva_lib.lib(emva_observer.o)
    0x20000164   COMPRESSED   0x00000004   Data   RW         6872    .data               emva_lib.lib(iterator.o)
    0x20000168   COMPRESSED   0x00000014   Data   RW         6917    .data               emva_lib.lib(emva_pmic.o)
    0x2000017c   COMPRESSED   0x00000004   Data   RW         6975    .data               emva_lib.lib(emva_serialization.o)
    0x20000180   COMPRESSED   0x00000004   Data   RW         7041    .data               emva_lib.lib(emva_fmt.o)
    0x20000184   COMPRESSED   0x00000014   Data   RW         7078    .data               emva_lib.lib(emva_usb_hid.o)
    0x20000198   COMPRESSED   0x0000002c   Data   RW         7122    .data               emva_lib.lib(dv_serial.o)
    0x200001c4   COMPRESSED   0x00000008   Data   RW         7218    .data               emva_lib.lib(dev_init.o)
    0x200001cc   COMPRESSED   0x00000024   Data   RW         7241    .data               emva_lib.lib(dv_time.o)
    0x200001f0   COMPRESSED   0x0000000c   Data   RW         7292    .data               emva_lib.lib(dv_virtual_time.o)
    0x200001fc   COMPRESSED   0x00000028   Data   RW         7338    .data               emva_lib.lib(dv_button.o)
    0x20000224   COMPRESSED   0x00000024   Data   RW         7406    .data               emva_lib.lib(dv_usb_hid.o)
    0x20000248   COMPRESSED   0x0000001c   Data   RW         7457    .data               emva_lib.lib(hal.o)
    0x20000264   COMPRESSED   0x0000000c   Data   RW         7539    .data               emva_lib.lib(dv_character_device.o)
    0x20000270   COMPRESSED   0x0000000c   Data   RW         7592    .data               emva_lib.lib(dv_net_device.o)
    0x2000027c   COMPRESSED   0x00000004   Data   RW         7708    .data               emva_lib.lib(dv_map.o)
    0x20000280   COMPRESSED   0x00000004   Data   RW         8104    .data               mc_w.l(stdout.o)
    0x20000284   COMPRESSED   0x00000004   PAD
    0x20000288        -       0x00003f00   Zero   RW          232    .bss                mpool.o
    0x20004188        -       0x00000208   Zero   RW          293    .bss                bsp.o
    0x20004390        -       0x00000040   Zero   RW         5204    .bss                queue.o
    0x200043d0        -       0x000002e4   Zero   RW         5459    .bss                tasks.o
    0x200046b4        -       0x00000028   Zero   RW         5784    .bss                timers.o
    0x200046dc        -       0x00005000   Zero   RW         5977    .bss                heap_4.o
    0x200096dc        -       0x00000044   Zero   RW         6124    .bss                emva_lib.lib(emva.o)
    0x20009720        -       0x00000200   Zero   RW         6539    .bss                emva_lib.lib(emva_net.o)
    0x20009920        -       0x00000010   Zero   RW         7291    .bss                emva_lib.lib(dv_virtual_time.o)
    0x20009930        -       0x00000400   Zero   RW         4947    STACK               startup_stm32f411xe.o


==============================================================================

Image component sizes


      Code (inc. data)   RO Data    RW Data    ZI Data      Debug   Object Name

       310         74          0          8          0      32074   app_main.o
      1330         72          0          8          0      37109   arch_stm32f411xx.o
       292         44          0         56        520     258507   bsp.o
         0          0          0          0          0      11700   event_groups.o
       752        176          0         24      20480       3835   heap_4.o
       148          0          0          0          0       3078   list.o
        52         18          0          0          0        463   main.o
       180         24          0          0          0       2109   misc.o
       296         34          0          0      16128       3724   mpool.o
        12          0          0          0          0        475   os.o
      1170        396          0         12          0      10749   port.o
      2164        238          0          0         64      15437   queue.o
        36          8        408          0       1024        836   startup_stm32f411xe.o
       214          0          0          0          0       1795   stm32f4xx_gpio.o
       392         48          0         16          0       5821   stm32f4xx_rcc.o
       656         82          0          0          0       6148   stm32f4xx_tim.o
       486          8          0          0          0       6753   stm32f4xx_usart.o
       336         32          0          0          0       1609   system_stm32f4xx.o
      3138        802          0         60        740      28121   tasks.o
      1310        312          0         20         40       8535   timers.o

    ----------------------------------------------------------------------
     13296       2368        440        204      38996     438878   Object Totals
         0          0         32          0          0          0   (incl. Generated)
        22          0          0          0          0          0   (incl. Padding)

    ----------------------------------------------------------------------

      Code (inc. data)   RO Data    RW Data    ZI Data      Debug   Library Member Name

        52         16          0          8          0       1248   dev_init.o
       228         40         10         40          0       6258   dv_button.o
       596         98          0         12          0       5850   dv_character_device.o
        74          6          0          0          0       1127   dv_error.o
       202          0          0          0          0       2818   dv_kfifo.o
       380          0          0          0          0       3734   dv_list.o
        98          8          0          4          0       2390   dv_map.o
       184         18          0         12          0       3108   dv_net_device.o
       352         44         10         44          0      13004   dv_serial.o
       164         36          8         36          0       4896   dv_time.o
       158         32         11         36          0       5351   dv_usb_hid.o
       212         38          0         12         16       3893   dv_virtual_time.o
       208         54          0          0         68      17136   emva.o
       470         84          0         16          0       8329   emva_button.o
       210         22          0          4          0       3743   emva_fmt.o
       498          0          0          0          0       4404   emva_list.o
       784        230         77         44        512      11026   emva_net.o
       528         42          0         16          0       6818   emva_observer.o
       288         76          0         20          0       4707   emva_pmic.o
       474         96          0         20          0       7634   emva_serial.o
       682         44          0          4          0       8897   emva_serialization.o
       698         58          0         40          0      10128   emva_time.o
       164         48          0         20          0       3879   emva_usb_hid.o
       788        244          0         16          0      18788   emva_wifi.o
         0          0          0         28          0        734   hal.o
       256         22          0          4          0       4730   iterator.o
        32          0          0          0          0       1058   util.o
        86          0          0          0          0          0   __dczerorl2.o
         0          0          0          0          0          0   entry.o
         0          0          0          0          0          0   entry10a.o
         0          0          0          0          0          0   entry11a.o
         8          4          0          0          0          0   entry2.o
         4          0          0          0          0          0   entry5.o
         0          0          0          0          0          0   entry7b.o
         0          0          0          0          0          0   entry8b.o
         8          4          0          0          0          0   entry9a.o
        18          0          0          0          0         80   fputc.o
        30          0          0          0          0          0   handlers.o
        36          8          0          0          0         68   init.o
         0          0          0          0          0          0   iusefp.o
         0          0          0          0          0          0   iusesemip.o
        30          0          0          0          0         68   llshl.o
        36          0          0          0          0         68   llsshr.o
        32          0          0          0          0         68   llushr.o
        36          0          0          0          0         68   memcpya.o
        36          0          0          0          0        108   memseta.o
      2324         94          0          0          0        600   printfa.o
         0          0          0          0          0          0   semi.o
         0          0          0          4          0          0   stdout.o
        28          0          0          0          0         76   strcmp.o
        14          0          0          0          0         68   strlen.o
        44          0          0          0          0         80   uidiv.o
        98          0          0          0          0         92   uldiv.o
        48          0          0          0          0         68   cdrcmple.o
       334          0          0          0          0        148   dadd.o
       222          0          0          0          0        100   ddiv.o
       186          0          0          0          0        176   depilogue.o
        48          0          0          0          0         68   dfixul.o
       228          0          0          0          0         96   dmul.o

    ----------------------------------------------------------------------
     12748       1466        124        440        600     167788   Library Totals
        34          0          8          0          4          0   (incl. Padding)

    ----------------------------------------------------------------------

      Code (inc. data)   RO Data    RW Data    ZI Data      Debug   Library Name

      8780       1356        116        436        596     165688   emva_lib.lib
      2868        110          0          4          0       1444   mc_w.l
      1066          0          0          0          0        656   mf_w.l

    ----------------------------------------------------------------------
     12748       1466        124        440        600     167788   Library Totals

    ----------------------------------------------------------------------

==============================================================================


      Code (inc. data)   RO Data    RW Data    ZI Data      Debug   

     26044       3834        564        644      39596     582382   Grand Totals
     26044       3834        564        268      39596     582382   ELF Image Totals (compressed)
     26044       3834        564        268          0          0   ROM Totals

==============================================================================

    Total RO  Size (Code + RO Data)                26608 (  25.98kB)
    Total RW  Size (RW Data + ZI Data)             40240 (  39.30kB)
    Total ROM Size (Code + RO Data + RW Data)      26876 (  26.25kB)

==============================================================================

